<?xml version="1.0" encoding="ISO-8859-1" ?>
<link_info>
   <banner>MSP430 Linker PC v19.6.0.STS</banner>
   <copyright>Copyright (c) 2003-2018 Texas Instruments Incorporated</copyright>
   <link_time>0x5d9e0765</link_time>
   <link_errors>0x0</link_errors>
   <output_file>USB CDC.out</output_file>
   <entry_point>
      <name>_c_int00_noargs</name>
      <address>0x459a</address>
   </entry_point>
   <input_file_list>
      <input_file id="fl-2">
         <path>.\</path>
         <kind>object</kind>
         <file>hal.obj</file>
         <name>hal.obj</name>
      </input_file>
      <input_file id="fl-3">
         <path>.\</path>
         <kind>object</kind>
         <file>main.obj</file>
         <name>main.obj</name>
      </input_file>
      <input_file id="fl-4">
         <path>.\</path>
         <kind>object</kind>
         <file>system_pre_init.obj</file>
         <name>system_pre_init.obj</name>
      </input_file>
      <input_file id="fl-5">
         <path>.\My_Libraries\</path>
         <kind>object</kind>
         <file>PCF8574.obj</file>
         <name>PCF8574.obj</name>
      </input_file>
      <input_file id="fl-6">
         <path>.\My_Libraries\</path>
         <kind>object</kind>
         <file>SW_I2C.obj</file>
         <name>SW_I2C.obj</name>
      </input_file>
      <input_file id="fl-7">
         <path>.\My_Libraries\</path>
         <kind>object</kind>
         <file>lcd.obj</file>
         <name>lcd.obj</name>
      </input_file>
      <input_file id="fl-8">
         <path>.\My_Libraries\</path>
         <kind>object</kind>
         <file>lcd_print.obj</file>
         <name>lcd_print.obj</name>
      </input_file>
      <input_file id="fl-9">
         <path>.\USB_API\USB_CDC_API\</path>
         <kind>object</kind>
         <file>UsbCdc.obj</file>
         <name>UsbCdc.obj</name>
      </input_file>
      <input_file id="fl-a">
         <path>.\USB_API\USB_Common\</path>
         <kind>object</kind>
         <file>usb.obj</file>
         <name>usb.obj</name>
      </input_file>
      <input_file id="fl-b">
         <path>.\USB_API\USB_Common\</path>
         <kind>object</kind>
         <file>usbdma.obj</file>
         <name>usbdma.obj</name>
      </input_file>
      <input_file id="fl-c">
         <path>.\USB_API\USB_HID_API\</path>
         <kind>object</kind>
         <file>UsbHid.obj</file>
         <name>UsbHid.obj</name>
      </input_file>
      <input_file id="fl-d">
         <path>.\USB_API\USB_HID_API\</path>
         <kind>object</kind>
         <file>UsbHidReq.obj</file>
         <name>UsbHidReq.obj</name>
      </input_file>
      <input_file id="fl-e">
         <path>.\USB_API\USB_MSC_API\</path>
         <kind>object</kind>
         <file>UsbMscReq.obj</file>
         <name>UsbMscReq.obj</name>
      </input_file>
      <input_file id="fl-f">
         <path>.\USB_API\USB_MSC_API\</path>
         <kind>object</kind>
         <file>UsbMscScsi.obj</file>
         <name>UsbMscScsi.obj</name>
      </input_file>
      <input_file id="fl-10">
         <path>.\USB_API\USB_MSC_API\</path>
         <kind>object</kind>
         <file>UsbMscStateMachine.obj</file>
         <name>UsbMscStateMachine.obj</name>
      </input_file>
      <input_file id="fl-11">
         <path>.\USB_API\USB_PHDC_API\</path>
         <kind>object</kind>
         <file>UsbPHDC.obj</file>
         <name>UsbPHDC.obj</name>
      </input_file>
      <input_file id="fl-12">
         <path>.\USB_app\</path>
         <kind>object</kind>
         <file>usbConstructs.obj</file>
         <name>usbConstructs.obj</name>
      </input_file>
      <input_file id="fl-13">
         <path>.\USB_app\</path>
         <kind>object</kind>
         <file>usbEventHandling.obj</file>
         <name>usbEventHandling.obj</name>
      </input_file>
      <input_file id="fl-14">
         <path>.\USB_config\</path>
         <kind>object</kind>
         <file>UsbIsr.obj</file>
         <name>UsbIsr.obj</name>
      </input_file>
      <input_file id="fl-15">
         <path>.\USB_config\</path>
         <kind>object</kind>
         <file>descriptors.obj</file>
         <name>descriptors.obj</name>
      </input_file>
      <input_file id="fl-16">
         <path>.\driverlib\MSP430F5xx_6xx\</path>
         <kind>object</kind>
         <file>adc10_a.obj</file>
         <name>adc10_a.obj</name>
      </input_file>
      <input_file id="fl-17">
         <path>.\driverlib\MSP430F5xx_6xx\</path>
         <kind>object</kind>
         <file>adc12_a.obj</file>
         <name>adc12_a.obj</name>
      </input_file>
      <input_file id="fl-18">
         <path>.\driverlib\MSP430F5xx_6xx\</path>
         <kind>object</kind>
         <file>aes.obj</file>
         <name>aes.obj</name>
      </input_file>
      <input_file id="fl-19">
         <path>.\driverlib\MSP430F5xx_6xx\</path>
         <kind>object</kind>
         <file>battbak.obj</file>
         <name>battbak.obj</name>
      </input_file>
      <input_file id="fl-1a">
         <path>.\driverlib\MSP430F5xx_6xx\</path>
         <kind>object</kind>
         <file>comp_b.obj</file>
         <name>comp_b.obj</name>
      </input_file>
      <input_file id="fl-1b">
         <path>.\driverlib\MSP430F5xx_6xx\</path>
         <kind>object</kind>
         <file>crc.obj</file>
         <name>crc.obj</name>
      </input_file>
      <input_file id="fl-1c">
         <path>.\driverlib\MSP430F5xx_6xx\</path>
         <kind>object</kind>
         <file>ctsd16.obj</file>
         <name>ctsd16.obj</name>
      </input_file>
      <input_file id="fl-1d">
         <path>.\driverlib\MSP430F5xx_6xx\</path>
         <kind>object</kind>
         <file>dac12_a.obj</file>
         <name>dac12_a.obj</name>
      </input_file>
      <input_file id="fl-1e">
         <path>.\driverlib\MSP430F5xx_6xx\</path>
         <kind>object</kind>
         <file>dma.obj</file>
         <name>dma.obj</name>
      </input_file>
      <input_file id="fl-1f">
         <path>.\driverlib\MSP430F5xx_6xx\</path>
         <kind>object</kind>
         <file>eusci_a_spi.obj</file>
         <name>eusci_a_spi.obj</name>
      </input_file>
      <input_file id="fl-20">
         <path>.\driverlib\MSP430F5xx_6xx\</path>
         <kind>object</kind>
         <file>eusci_a_uart.obj</file>
         <name>eusci_a_uart.obj</name>
      </input_file>
      <input_file id="fl-21">
         <path>.\driverlib\MSP430F5xx_6xx\</path>
         <kind>object</kind>
         <file>eusci_b_i2c.obj</file>
         <name>eusci_b_i2c.obj</name>
      </input_file>
      <input_file id="fl-22">
         <path>.\driverlib\MSP430F5xx_6xx\</path>
         <kind>object</kind>
         <file>eusci_b_spi.obj</file>
         <name>eusci_b_spi.obj</name>
      </input_file>
      <input_file id="fl-23">
         <path>.\driverlib\MSP430F5xx_6xx\</path>
         <kind>object</kind>
         <file>flashctl.obj</file>
         <name>flashctl.obj</name>
      </input_file>
      <input_file id="fl-24">
         <path>.\driverlib\MSP430F5xx_6xx\</path>
         <kind>object</kind>
         <file>gpio.obj</file>
         <name>gpio.obj</name>
      </input_file>
      <input_file id="fl-25">
         <path>.\driverlib\MSP430F5xx_6xx\</path>
         <kind>object</kind>
         <file>lcd_b.obj</file>
         <name>lcd_b.obj</name>
      </input_file>
      <input_file id="fl-26">
         <path>.\driverlib\MSP430F5xx_6xx\</path>
         <kind>object</kind>
         <file>lcd_c.obj</file>
         <name>lcd_c.obj</name>
      </input_file>
      <input_file id="fl-27">
         <path>.\driverlib\MSP430F5xx_6xx\</path>
         <kind>object</kind>
         <file>ldopwr.obj</file>
         <name>ldopwr.obj</name>
      </input_file>
      <input_file id="fl-28">
         <path>.\driverlib\MSP430F5xx_6xx\</path>
         <kind>object</kind>
         <file>mpy32.obj</file>
         <name>mpy32.obj</name>
      </input_file>
      <input_file id="fl-29">
         <path>.\driverlib\MSP430F5xx_6xx\</path>
         <kind>object</kind>
         <file>oa.obj</file>
         <name>oa.obj</name>
      </input_file>
      <input_file id="fl-2a">
         <path>.\driverlib\MSP430F5xx_6xx\</path>
         <kind>object</kind>
         <file>pmap.obj</file>
         <name>pmap.obj</name>
      </input_file>
      <input_file id="fl-2b">
         <path>.\driverlib\MSP430F5xx_6xx\</path>
         <kind>object</kind>
         <file>pmm.obj</file>
         <name>pmm.obj</name>
      </input_file>
      <input_file id="fl-2c">
         <path>.\driverlib\MSP430F5xx_6xx\</path>
         <kind>object</kind>
         <file>ram.obj</file>
         <name>ram.obj</name>
      </input_file>
      <input_file id="fl-2d">
         <path>.\driverlib\MSP430F5xx_6xx\</path>
         <kind>object</kind>
         <file>ref.obj</file>
         <name>ref.obj</name>
      </input_file>
      <input_file id="fl-2e">
         <path>.\driverlib\MSP430F5xx_6xx\</path>
         <kind>object</kind>
         <file>rtc_a.obj</file>
         <name>rtc_a.obj</name>
      </input_file>
      <input_file id="fl-2f">
         <path>.\driverlib\MSP430F5xx_6xx\</path>
         <kind>object</kind>
         <file>rtc_b.obj</file>
         <name>rtc_b.obj</name>
      </input_file>
      <input_file id="fl-30">
         <path>.\driverlib\MSP430F5xx_6xx\</path>
         <kind>object</kind>
         <file>rtc_c.obj</file>
         <name>rtc_c.obj</name>
      </input_file>
      <input_file id="fl-31">
         <path>.\driverlib\MSP430F5xx_6xx\</path>
         <kind>object</kind>
         <file>sd24_b.obj</file>
         <name>sd24_b.obj</name>
      </input_file>
      <input_file id="fl-32">
         <path>.\driverlib\MSP430F5xx_6xx\</path>
         <kind>object</kind>
         <file>sfr.obj</file>
         <name>sfr.obj</name>
      </input_file>
      <input_file id="fl-33">
         <path>.\driverlib\MSP430F5xx_6xx\</path>
         <kind>object</kind>
         <file>sysctl.obj</file>
         <name>sysctl.obj</name>
      </input_file>
      <input_file id="fl-34">
         <path>.\driverlib\MSP430F5xx_6xx\</path>
         <kind>object</kind>
         <file>tec.obj</file>
         <name>tec.obj</name>
      </input_file>
      <input_file id="fl-35">
         <path>.\driverlib\MSP430F5xx_6xx\</path>
         <kind>object</kind>
         <file>timer_a.obj</file>
         <name>timer_a.obj</name>
      </input_file>
      <input_file id="fl-36">
         <path>.\driverlib\MSP430F5xx_6xx\</path>
         <kind>object</kind>
         <file>timer_b.obj</file>
         <name>timer_b.obj</name>
      </input_file>
      <input_file id="fl-37">
         <path>.\driverlib\MSP430F5xx_6xx\</path>
         <kind>object</kind>
         <file>timer_d.obj</file>
         <name>timer_d.obj</name>
      </input_file>
      <input_file id="fl-38">
         <path>.\driverlib\MSP430F5xx_6xx\</path>
         <kind>object</kind>
         <file>tlv.obj</file>
         <name>tlv.obj</name>
      </input_file>
      <input_file id="fl-39">
         <path>.\driverlib\MSP430F5xx_6xx\</path>
         <kind>object</kind>
         <file>ucs.obj</file>
         <name>ucs.obj</name>
      </input_file>
      <input_file id="fl-3a">
         <path>.\driverlib\MSP430F5xx_6xx\</path>
         <kind>object</kind>
         <file>usci_a_spi.obj</file>
         <name>usci_a_spi.obj</name>
      </input_file>
      <input_file id="fl-3b">
         <path>.\driverlib\MSP430F5xx_6xx\</path>
         <kind>object</kind>
         <file>usci_a_uart.obj</file>
         <name>usci_a_uart.obj</name>
      </input_file>
      <input_file id="fl-3c">
         <path>.\driverlib\MSP430F5xx_6xx\</path>
         <kind>object</kind>
         <file>usci_b_i2c.obj</file>
         <name>usci_b_i2c.obj</name>
      </input_file>
      <input_file id="fl-3d">
         <path>.\driverlib\MSP430F5xx_6xx\</path>
         <kind>object</kind>
         <file>usci_b_spi.obj</file>
         <name>usci_b_spi.obj</name>
      </input_file>
      <input_file id="fl-3e">
         <path>.\driverlib\MSP430F5xx_6xx\</path>
         <kind>object</kind>
         <file>wdt_a.obj</file>
         <name>wdt_a.obj</name>
      </input_file>
      <input_file id="fl-45">
         <kind>object</kind>
         <file>&lt;internal&gt;</file>
         <name>&lt;internal&gt;</name>
      </input_file>
      <input_file id="fl-60">
         <path>C:\ti\ccs910\ccs\tools\compiler\ti-cgt-msp430_19.6.0.STS\lib\</path>
         <kind>archive</kind>
         <file>rts430x_lc_rd_eabi.lib</file>
         <name>div16s.asm.obj</name>
      </input_file>
      <input_file id="fl-61">
         <path>C:\ti\ccs910\ccs\tools\compiler\ti-cgt-msp430_19.6.0.STS\lib\</path>
         <kind>archive</kind>
         <file>rts430x_lc_rd_eabi.lib</file>
         <name>div16u.asm.obj</name>
      </input_file>
      <input_file id="fl-62">
         <path>C:\ti\ccs910\ccs\tools\compiler\ti-cgt-msp430_19.6.0.STS\lib\</path>
         <kind>archive</kind>
         <file>rts430x_lc_rd_eabi.lib</file>
         <name>div32s.asm.obj</name>
      </input_file>
      <input_file id="fl-63">
         <path>C:\ti\ccs910\ccs\tools\compiler\ti-cgt-msp430_19.6.0.STS\lib\</path>
         <kind>archive</kind>
         <file>rts430x_lc_rd_eabi.lib</file>
         <name>div32u.asm.obj</name>
      </input_file>
      <input_file id="fl-64">
         <path>C:\ti\ccs910\ccs\tools\compiler\ti-cgt-msp430_19.6.0.STS\lib\</path>
         <kind>archive</kind>
         <file>rts430x_lc_rd_eabi.lib</file>
         <name>fs_add.asm.obj</name>
      </input_file>
      <input_file id="fl-65">
         <path>C:\ti\ccs910\ccs\tools\compiler\ti-cgt-msp430_19.6.0.STS\lib\</path>
         <kind>archive</kind>
         <file>rts430x_lc_rd_eabi.lib</file>
         <name>fs_cmp.asm.obj</name>
      </input_file>
      <input_file id="fl-66">
         <path>C:\ti\ccs910\ccs\tools\compiler\ti-cgt-msp430_19.6.0.STS\lib\</path>
         <kind>archive</kind>
         <file>rts430x_lc_rd_eabi.lib</file>
         <name>fs_itof.asm.obj</name>
      </input_file>
      <input_file id="fl-67">
         <path>C:\ti\ccs910\ccs\tools\compiler\ti-cgt-msp430_19.6.0.STS\lib\</path>
         <kind>archive</kind>
         <file>rts430x_lc_rd_eabi.lib</file>
         <name>fs_ltof.asm.obj</name>
      </input_file>
      <input_file id="fl-68">
         <path>C:\ti\ccs910\ccs\tools\compiler\ti-cgt-msp430_19.6.0.STS\lib\</path>
         <kind>archive</kind>
         <file>rts430x_lc_rd_eabi.lib</file>
         <name>fs_mpy.asm.obj</name>
      </input_file>
      <input_file id="fl-69">
         <path>C:\ti\ccs910\ccs\tools\compiler\ti-cgt-msp430_19.6.0.STS\lib\</path>
         <kind>archive</kind>
         <file>rts430x_lc_rd_eabi.lib</file>
         <name>fs_neg.asm.obj</name>
      </input_file>
      <input_file id="fl-6a">
         <path>C:\ti\ccs910\ccs\tools\compiler\ti-cgt-msp430_19.6.0.STS\lib\</path>
         <kind>archive</kind>
         <file>rts430x_lc_rd_eabi.lib</file>
         <name>fs_tol.asm.obj</name>
      </input_file>
      <input_file id="fl-6b">
         <path>C:\ti\ccs910\ccs\tools\compiler\ti-cgt-msp430_19.6.0.STS\lib\</path>
         <kind>archive</kind>
         <file>rts430x_lc_rd_eabi.lib</file>
         <name>int41.asm.obj</name>
      </input_file>
      <input_file id="fl-6c">
         <path>C:\ti\ccs910\ccs\tools\compiler\ti-cgt-msp430_19.6.0.STS\lib\</path>
         <kind>archive</kind>
         <file>rts430x_lc_rd_eabi.lib</file>
         <name>int42.asm.obj</name>
      </input_file>
      <input_file id="fl-6d">
         <path>C:\ti\ccs910\ccs\tools\compiler\ti-cgt-msp430_19.6.0.STS\lib\</path>
         <kind>archive</kind>
         <file>rts430x_lc_rd_eabi.lib</file>
         <name>int43.asm.obj</name>
      </input_file>
      <input_file id="fl-6e">
         <path>C:\ti\ccs910\ccs\tools\compiler\ti-cgt-msp430_19.6.0.STS\lib\</path>
         <kind>archive</kind>
         <file>rts430x_lc_rd_eabi.lib</file>
         <name>int44.asm.obj</name>
      </input_file>
      <input_file id="fl-6f">
         <path>C:\ti\ccs910\ccs\tools\compiler\ti-cgt-msp430_19.6.0.STS\lib\</path>
         <kind>archive</kind>
         <file>rts430x_lc_rd_eabi.lib</file>
         <name>int45.asm.obj</name>
      </input_file>
      <input_file id="fl-70">
         <path>C:\ti\ccs910\ccs\tools\compiler\ti-cgt-msp430_19.6.0.STS\lib\</path>
         <kind>archive</kind>
         <file>rts430x_lc_rd_eabi.lib</file>
         <name>int46.asm.obj</name>
      </input_file>
      <input_file id="fl-71">
         <path>C:\ti\ccs910\ccs\tools\compiler\ti-cgt-msp430_19.6.0.STS\lib\</path>
         <kind>archive</kind>
         <file>rts430x_lc_rd_eabi.lib</file>
         <name>int47.asm.obj</name>
      </input_file>
      <input_file id="fl-72">
         <path>C:\ti\ccs910\ccs\tools\compiler\ti-cgt-msp430_19.6.0.STS\lib\</path>
         <kind>archive</kind>
         <file>rts430x_lc_rd_eabi.lib</file>
         <name>int48.asm.obj</name>
      </input_file>
      <input_file id="fl-73">
         <path>C:\ti\ccs910\ccs\tools\compiler\ti-cgt-msp430_19.6.0.STS\lib\</path>
         <kind>archive</kind>
         <file>rts430x_lc_rd_eabi.lib</file>
         <name>int49.asm.obj</name>
      </input_file>
      <input_file id="fl-74">
         <path>C:\ti\ccs910\ccs\tools\compiler\ti-cgt-msp430_19.6.0.STS\lib\</path>
         <kind>archive</kind>
         <file>rts430x_lc_rd_eabi.lib</file>
         <name>int50.asm.obj</name>
      </input_file>
      <input_file id="fl-75">
         <path>C:\ti\ccs910\ccs\tools\compiler\ti-cgt-msp430_19.6.0.STS\lib\</path>
         <kind>archive</kind>
         <file>rts430x_lc_rd_eabi.lib</file>
         <name>int52.asm.obj</name>
      </input_file>
      <input_file id="fl-76">
         <path>C:\ti\ccs910\ccs\tools\compiler\ti-cgt-msp430_19.6.0.STS\lib\</path>
         <kind>archive</kind>
         <file>rts430x_lc_rd_eabi.lib</file>
         <name>int53.asm.obj</name>
      </input_file>
      <input_file id="fl-77">
         <path>C:\ti\ccs910\ccs\tools\compiler\ti-cgt-msp430_19.6.0.STS\lib\</path>
         <kind>archive</kind>
         <file>rts430x_lc_rd_eabi.lib</file>
         <name>int54.asm.obj</name>
      </input_file>
      <input_file id="fl-78">
         <path>C:\ti\ccs910\ccs\tools\compiler\ti-cgt-msp430_19.6.0.STS\lib\</path>
         <kind>archive</kind>
         <file>rts430x_lc_rd_eabi.lib</file>
         <name>int55.asm.obj</name>
      </input_file>
      <input_file id="fl-79">
         <path>C:\ti\ccs910\ccs\tools\compiler\ti-cgt-msp430_19.6.0.STS\lib\</path>
         <kind>archive</kind>
         <file>rts430x_lc_rd_eabi.lib</file>
         <name>int56.asm.obj</name>
      </input_file>
      <input_file id="fl-7a">
         <path>C:\ti\ccs910\ccs\tools\compiler\ti-cgt-msp430_19.6.0.STS\lib\</path>
         <kind>archive</kind>
         <file>rts430x_lc_rd_eabi.lib</file>
         <name>int57.asm.obj</name>
      </input_file>
      <input_file id="fl-7b">
         <path>C:\ti\ccs910\ccs\tools\compiler\ti-cgt-msp430_19.6.0.STS\lib\</path>
         <kind>archive</kind>
         <file>rts430x_lc_rd_eabi.lib</file>
         <name>int58.asm.obj</name>
      </input_file>
      <input_file id="fl-7c">
         <path>C:\ti\ccs910\ccs\tools\compiler\ti-cgt-msp430_19.6.0.STS\lib\</path>
         <kind>archive</kind>
         <file>rts430x_lc_rd_eabi.lib</file>
         <name>int59.asm.obj</name>
      </input_file>
      <input_file id="fl-7d">
         <path>C:\ti\ccs910\ccs\tools\compiler\ti-cgt-msp430_19.6.0.STS\lib\</path>
         <kind>archive</kind>
         <file>rts430x_lc_rd_eabi.lib</file>
         <name>int60.asm.obj</name>
      </input_file>
      <input_file id="fl-7e">
         <path>C:\ti\ccs910\ccs\tools\compiler\ti-cgt-msp430_19.6.0.STS\lib\</path>
         <kind>archive</kind>
         <file>rts430x_lc_rd_eabi.lib</file>
         <name>int62.asm.obj</name>
      </input_file>
      <input_file id="fl-7f">
         <path>C:\ti\ccs910\ccs\tools\compiler\ti-cgt-msp430_19.6.0.STS\lib\</path>
         <kind>archive</kind>
         <file>rts430x_lc_rd_eabi.lib</file>
         <name>isr_trap.asm.obj</name>
      </input_file>
      <input_file id="fl-80">
         <path>C:\ti\ccs910\ccs\tools\compiler\ti-cgt-msp430_19.6.0.STS\lib\</path>
         <kind>archive</kind>
         <file>rts430x_lc_rd_eabi.lib</file>
         <name>lsl16.asm.obj</name>
      </input_file>
      <input_file id="fl-81">
         <path>C:\ti\ccs910\ccs\tools\compiler\ti-cgt-msp430_19.6.0.STS\lib\</path>
         <kind>archive</kind>
         <file>rts430x_lc_rd_eabi.lib</file>
         <name>lsl32.asm.obj</name>
      </input_file>
      <input_file id="fl-82">
         <path>C:\ti\ccs910\ccs\tools\compiler\ti-cgt-msp430_19.6.0.STS\lib\</path>
         <kind>archive</kind>
         <file>rts430x_lc_rd_eabi.lib</file>
         <name>lsr16.asm.obj</name>
      </input_file>
      <input_file id="fl-83">
         <path>C:\ti\ccs910\ccs\tools\compiler\ti-cgt-msp430_19.6.0.STS\lib\</path>
         <kind>archive</kind>
         <file>rts430x_lc_rd_eabi.lib</file>
         <name>lsr32.asm.obj</name>
      </input_file>
      <input_file id="fl-84">
         <path>C:\ti\ccs910\ccs\tools\compiler\ti-cgt-msp430_19.6.0.STS\lib\</path>
         <kind>archive</kind>
         <file>rts430x_lc_rd_eabi.lib</file>
         <name>mult16.asm.obj</name>
      </input_file>
      <input_file id="fl-85">
         <path>C:\ti\ccs910\ccs\tools\compiler\ti-cgt-msp430_19.6.0.STS\lib\</path>
         <kind>archive</kind>
         <file>rts430x_lc_rd_eabi.lib</file>
         <name>mult16_f5hw.asm.obj</name>
      </input_file>
      <input_file id="fl-86">
         <path>C:\ti\ccs910\ccs\tools\compiler\ti-cgt-msp430_19.6.0.STS\lib\</path>
         <kind>archive</kind>
         <file>rts430x_lc_rd_eabi.lib</file>
         <name>mult1632_f5hw.asm.obj</name>
      </input_file>
      <input_file id="fl-87">
         <path>C:\ti\ccs910\ccs\tools\compiler\ti-cgt-msp430_19.6.0.STS\lib\</path>
         <kind>archive</kind>
         <file>rts430x_lc_rd_eabi.lib</file>
         <name>mult32.asm.obj</name>
      </input_file>
      <input_file id="fl-88">
         <path>C:\ti\ccs910\ccs\tools\compiler\ti-cgt-msp430_19.6.0.STS\lib\</path>
         <kind>archive</kind>
         <file>rts430x_lc_rd_eabi.lib</file>
         <name>mult32_f5hw.asm.obj</name>
      </input_file>
      <input_file id="fl-89">
         <path>C:\ti\ccs910\ccs\tools\compiler\ti-cgt-msp430_19.6.0.STS\lib\</path>
         <kind>archive</kind>
         <file>rts430x_lc_rd_eabi.lib</file>
         <name>mult3264_f5hw.asm.obj</name>
      </input_file>
      <input_file id="fl-8a">
         <path>C:\ti\ccs910\ccs\tools\compiler\ti-cgt-msp430_19.6.0.STS\lib\</path>
         <kind>archive</kind>
         <file>rts430x_lc_rd_eabi.lib</file>
         <name>mult64_f5hw.asm.obj</name>
      </input_file>
      <input_file id="fl-8b">
         <path>C:\ti\ccs910\ccs\tools\compiler\ti-cgt-msp430_19.6.0.STS\lib\</path>
         <kind>archive</kind>
         <file>rts430x_lc_rd_eabi.lib</file>
         <name>boot.c.obj</name>
      </input_file>
      <input_file id="fl-8c">
         <path>C:\ti\ccs910\ccs\tools\compiler\ti-cgt-msp430_19.6.0.STS\lib\</path>
         <kind>archive</kind>
         <file>rts430x_lc_rd_eabi.lib</file>
         <name>autoinit.c.obj</name>
      </input_file>
      <input_file id="fl-8d">
         <path>C:\ti\ccs910\ccs\tools\compiler\ti-cgt-msp430_19.6.0.STS\lib\</path>
         <kind>archive</kind>
         <file>rts430x_lc_rd_eabi.lib</file>
         <name>copy_zero_init.c.obj</name>
      </input_file>
      <input_file id="fl-8e">
         <path>C:\ti\ccs910\ccs\tools\compiler\ti-cgt-msp430_19.6.0.STS\lib\</path>
         <kind>archive</kind>
         <file>rts430x_lc_rd_eabi.lib</file>
         <name>cpy_tbl.c.obj</name>
      </input_file>
      <input_file id="fl-8f">
         <path>C:\ti\ccs910\ccs\tools\compiler\ti-cgt-msp430_19.6.0.STS\lib\</path>
         <kind>archive</kind>
         <file>rts430x_lc_rd_eabi.lib</file>
         <name>mpu_init.c.obj</name>
      </input_file>
      <input_file id="fl-90">
         <path>C:\ti\ccs910\ccs\tools\compiler\ti-cgt-msp430_19.6.0.STS\lib\</path>
         <kind>archive</kind>
         <file>rts430x_lc_rd_eabi.lib</file>
         <name>startup.c.obj</name>
      </input_file>
      <input_file id="fl-91">
         <path>C:\ti\ccs910\ccs\tools\compiler\ti-cgt-msp430_19.6.0.STS\lib\</path>
         <kind>archive</kind>
         <file>rts430x_lc_rd_eabi.lib</file>
         <name>copy_decompress_none.c.obj</name>
      </input_file>
      <input_file id="fl-92">
         <path>C:\ti\ccs910\ccs\tools\compiler\ti-cgt-msp430_19.6.0.STS\lib\</path>
         <kind>archive</kind>
         <file>rts430x_lc_rd_eabi.lib</file>
         <name>copy_decompress_lzss.c.obj</name>
      </input_file>
      <input_file id="fl-93">
         <path>C:\ti\ccs910\ccs\tools\compiler\ti-cgt-msp430_19.6.0.STS\lib\</path>
         <kind>archive</kind>
         <file>rts430x_lc_rd_eabi.lib</file>
         <name>cvtdf.c.obj</name>
      </input_file>
      <input_file id="fl-94">
         <path>C:\ti\ccs910\ccs\tools\compiler\ti-cgt-msp430_19.6.0.STS\lib\</path>
         <kind>archive</kind>
         <file>rts430x_lc_rd_eabi.lib</file>
         <name>cvtfd.c.obj</name>
      </input_file>
      <input_file id="fl-95">
         <path>C:\ti\ccs910\ccs\tools\compiler\ti-cgt-msp430_19.6.0.STS\lib\</path>
         <kind>archive</kind>
         <file>rts430x_lc_rd_eabi.lib</file>
         <name>divd.c.obj</name>
      </input_file>
      <input_file id="fl-96">
         <path>C:\ti\ccs910\ccs\tools\compiler\ti-cgt-msp430_19.6.0.STS\lib\</path>
         <kind>archive</kind>
         <file>rts430x_lc_rd_eabi.lib</file>
         <name>fixdli.c.obj</name>
      </input_file>
      <input_file id="fl-97">
         <path>C:\ti\ccs910\ccs\tools\compiler\ti-cgt-msp430_19.6.0.STS\lib\</path>
         <kind>archive</kind>
         <file>rts430x_lc_rd_eabi.lib</file>
         <name>frcdivd.c.obj</name>
      </input_file>
      <input_file id="fl-98">
         <path>C:\ti\ccs910\ccs\tools\compiler\ti-cgt-msp430_19.6.0.STS\lib\</path>
         <kind>archive</kind>
         <file>rts430x_lc_rd_eabi.lib</file>
         <name>mpyd.c.obj</name>
      </input_file>
      <input_file id="fl-99">
         <path>C:\ti\ccs910\ccs\tools\compiler\ti-cgt-msp430_19.6.0.STS\lib\</path>
         <kind>archive</kind>
         <file>rts430x_lc_rd_eabi.lib</file>
         <name>subd.c.obj</name>
      </input_file>
      <input_file id="fl-9a">
         <path>C:\ti\ccs910\ccs\tools\compiler\ti-cgt-msp430_19.6.0.STS\lib\</path>
         <kind>archive</kind>
         <file>rts430x_lc_rd_eabi.lib</file>
         <name>exit.c.obj</name>
      </input_file>
      <input_file id="fl-9b">
         <path>C:\ti\ccs910\ccs\tools\compiler\ti-cgt-msp430_19.6.0.STS\lib\</path>
         <kind>archive</kind>
         <file>rts430x_lc_rd_eabi.lib</file>
         <name>_lock.c.obj</name>
      </input_file>
      <input_file id="fl-9c">
         <path>C:\ti\ccs910\ccs\tools\compiler\ti-cgt-msp430_19.6.0.STS\lib\</path>
         <kind>archive</kind>
         <file>rts430x_lc_rd_eabi.lib</file>
         <name>args_main.c.obj</name>
      </input_file>
      <input_file id="fl-9d">
         <path>C:\ti\ccs910\ccs\tools\compiler\ti-cgt-msp430_19.6.0.STS\lib\</path>
         <kind>archive</kind>
         <file>rts430x_lc_rd_eabi.lib</file>
         <name>memcpy.c.obj</name>
      </input_file>
      <input_file id="fl-9e">
         <path>C:\ti\ccs910\ccs\tools\compiler\ti-cgt-msp430_19.6.0.STS\lib\</path>
         <kind>archive</kind>
         <file>rts430x_lc_rd_eabi.lib</file>
         <name>memset.c.obj</name>
      </input_file>
      <input_file id="fl-9f">
         <path>C:\ti\ccs910\ccs\tools\compiler\ti-cgt-msp430_19.6.0.STS\lib\</path>
         <kind>archive</kind>
         <file>rts430x_lc_rd_eabi.lib</file>
         <name>asr32.asm.obj</name>
      </input_file>
      <input_file id="fl-a0">
         <path>C:\ti\ccs910\ccs\tools\compiler\ti-cgt-msp430_19.6.0.STS\lib\</path>
         <kind>archive</kind>
         <file>rts430x_lc_rd_eabi.lib</file>
         <name>exit_gvars.c.obj</name>
      </input_file>
      <input_file id="fl-a1">
         <path>C:\ti\ccs910\ccs\tools\compiler\ti-cgt-msp430_19.6.0.STS\lib\</path>
         <kind>archive</kind>
         <file>rts430x_lc_rd_eabi.lib</file>
         <name>lsr64.c.obj</name>
      </input_file>
      <input_file id="fl-a2">
         <path>C:\ti\ccs910\ccs\tools\compiler\ti-cgt-msp430_19.6.0.STS\lib\</path>
         <kind>archive</kind>
         <file>rts430x_lc_rd_eabi.lib</file>
         <name>addd.c.obj</name>
      </input_file>
      <input_file id="fl-a3">
         <path>C:\ti\ccs910\ccs\tools\compiler\ti-cgt-msp430_19.6.0.STS\lib\</path>
         <kind>archive</kind>
         <file>rts430x_lc_rd_eabi.lib</file>
         <name>frcaddd.c.obj</name>
      </input_file>
      <input_file id="fl-a4">
         <path>C:\ti\ccs910\ccs\tools\compiler\ti-cgt-msp430_19.6.0.STS\lib\</path>
         <kind>archive</kind>
         <file>rts430x_lc_rd_eabi.lib</file>
         <name>frcmpyd.c.obj</name>
      </input_file>
      <input_file id="fl-a5">
         <path>C:\ti\ccs910\ccs\tools\compiler\ti-cgt-msp430_19.6.0.STS\lib\</path>
         <kind>archive</kind>
         <file>rts430x_lc_rd_eabi.lib</file>
         <name>renormd.c.obj</name>
      </input_file>
   </input_file_list>
   <object_component_list>
      <object_component id="oc-723">
         <name>.bss</name>
         <uninitialized>true</uninitialized>
         <run_address>0x2478</run_address>
         <size>0x2</size>
         <input_file_ref idref="fl-7"/>
      </object_component>
      <object_component id="oc-69f">
         <name>.bss:CdcControl</name>
         <uninitialized>true</uninitialized>
         <run_address>0x2458</run_address>
         <size>0x8</size>
         <input_file_ref idref="fl-9"/>
      </object_component>
      <object_component id="oc-539">
         <name>.bss</name>
         <uninitialized>true</uninitialized>
         <run_address>0x243c</run_address>
         <size>0x10</size>
         <input_file_ref idref="fl-a"/>
      </object_component>
      <object_component id="oc-557">
         <name>.common:CdcWriteCtrl</name>
         <uninitialized>true</uninitialized>
         <run_address>0x244c</run_address>
         <size>0xc</size>
      </object_component>
      <object_component id="oc-4d7">
         <name>.common:CdcReadCtrl</name>
         <uninitialized>true</uninitialized>
         <run_address>0x2422</run_address>
         <size>0x1a</size>
      </object_component>
      <object_component id="oc-5d0">
         <name>.common:count</name>
         <uninitialized>true</uninitialized>
         <run_address>0x247a</run_address>
         <size>0x2</size>
      </object_component>
      <object_component id="oc-53c">
         <name>.common:wBytesRemainingOnIEP0</name>
         <uninitialized>true</uninitialized>
         <run_address>0x247c</run_address>
         <size>0x2</size>
      </object_component>
      <object_component id="oc-53d">
         <name>.common:wBytesRemainingOnOEP0</name>
         <uninitialized>true</uninitialized>
         <run_address>0x247e</run_address>
         <size>0x2</size>
      </object_component>
      <object_component id="oc-4ca">
         <name>.common:abUsbRequestReturnData</name>
         <uninitialized>true</uninitialized>
         <run_address>0x2468</run_address>
         <size>0x8</size>
      </object_component>
      <object_component id="oc-6c4">
         <name>.common:abUsbRequestIncomingData</name>
         <uninitialized>true</uninitialized>
         <run_address>0x2460</run_address>
         <size>0x8</size>
      </object_component>
      <object_component id="oc-96c">
         <name>.common:abramSerialStringDescriptor</name>
         <uninitialized>true</uninitialized>
         <run_address>0x2400</run_address>
         <size>0x22</size>
      </object_component>
      <object_component id="oc-4c9">
         <name>.common:bStatusAction</name>
         <uninitialized>true</uninitialized>
         <run_address>0x2482</run_address>
         <size>0x1</size>
      </object_component>
      <object_component id="oc-41a">
         <name>.common:wUsbEventMask</name>
         <uninitialized>true</uninitialized>
         <run_address>0x2480</run_address>
         <size>0x2</size>
      </object_component>
      <object_component id="oc-55e">
         <name>.common:USB_TX_memcpy</name>
         <uninitialized>true</uninitialized>
         <run_address>0x2474</run_address>
         <size>0x4</size>
      </object_component>
      <object_component id="oc-686">
         <name>.common:USB_RX_memcpy</name>
         <uninitialized>true</uninitialized>
         <run_address>0x2470</run_address>
         <size>0x4</size>
      </object_component>
      <object_component id="oc-518">
         <name>.data</name>
         <load_address>0x248d</load_address>
         <run_address>0x248d</run_address>
         <size>0x1</size>
         <input_file_ref idref="fl-3"/>
      </object_component>
      <object_component id="oc-5c7">
         <name>.data:dataBuffer</name>
         <load_address>0x248c</load_address>
         <run_address>0x248c</run_address>
         <size>0x1</size>
         <input_file_ref idref="fl-3"/>
      </object_component>
      <object_component id="oc-4ee">
         <name>.data</name>
         <load_address>0x2484</load_address>
         <run_address>0x2484</run_address>
         <size>0x8</size>
         <input_file_ref idref="fl-a"/>
      </object_component>
      <object_component id="oc-38d">
         <name>.stack</name>
         <uninitialized>true</uninitialized>
         <run_address>0x4360</run_address>
         <size>0x4</size>
         <input_file_ref idref="fl-8b"/>
      </object_component>
      <object_component id="oc-ab7">
         <name>.stack</name>
         <uninitialized>true</uninitialized>
         <run_address>0x4360</run_address>
         <size>0x0</size>
      </object_component>
      <object_component id="oc-776">
         <name>.text:USBCDC_receiveData</name>
         <load_address>0x10000</load_address>
         <run_address>0x10000</run_address>
         <size>0x478</size>
         <input_file_ref idref="fl-9"/>
      </object_component>
      <object_component id="oc-7a5">
         <name>.text:__TI_frcdivd</name>
         <load_address>0x10478</load_address>
         <run_address>0x10478</run_address>
         <size>0x466</size>
         <input_file_ref idref="fl-97"/>
      </object_component>
      <object_component id="oc-7af">
         <name>.text:__mspabi_addd</name>
         <load_address>0x108de</load_address>
         <run_address>0x108de</run_address>
         <size>0x2e0</size>
         <input_file_ref idref="fl-a2"/>
      </object_component>
      <object_component id="oc-46b">
         <name>.text:CdcToHostFromBuffer</name>
         <load_address>0x10bbe</load_address>
         <run_address>0x10bbe</run_address>
         <size>0x2de</size>
         <input_file_ref idref="fl-9"/>
      </object_component>
      <object_component id="oc-798">
         <name>.text:__TI_frcmpyd</name>
         <load_address>0x10e9c</load_address>
         <run_address>0x10e9c</run_address>
         <size>0x280</size>
         <input_file_ref idref="fl-a4"/>
      </object_component>
      <object_component id="oc-5ed">
         <name>.text:__mspabi_mpyd</name>
         <load_address>0x1111c</load_address>
         <run_address>0x1111c</run_address>
         <size>0x266</size>
         <input_file_ref idref="fl-98"/>
      </object_component>
      <object_component id="oc-907">
         <name>.text:__TI_frcaddd</name>
         <load_address>0x11382</load_address>
         <run_address>0x11382</run_address>
         <size>0x248</size>
         <input_file_ref idref="fl-a3"/>
      </object_component>
      <object_component id="oc-423">
         <name>.text:CdcToBufferFromHost</name>
         <load_address>0x115ca</load_address>
         <run_address>0x115ca</run_address>
         <size>0x246</size>
         <input_file_ref idref="fl-9"/>
      </object_component>
      <object_component id="oc-5f3">
         <name>.text:__mspabi_divd</name>
         <load_address>0x11810</load_address>
         <run_address>0x11810</run_address>
         <size>0x222</size>
         <input_file_ref idref="fl-95"/>
      </object_component>
      <object_component id="oc-441">
         <name>.text:USB_reset</name>
         <load_address>0x11a32</load_address>
         <run_address>0x11a32</run_address>
         <size>0x1f0</size>
         <input_file_ref idref="fl-a"/>
      </object_component>
      <object_component id="oc-4a4">
         <name>.text:main</name>
         <load_address>0x11c22</load_address>
         <run_address>0x11c22</run_address>
         <size>0x1d0</size>
         <input_file_ref idref="fl-3"/>
      </object_component>
      <object_component id="oc-529">
         <name>.text:USB_enable</name>
         <load_address>0x11df2</load_address>
         <run_address>0x11df2</run_address>
         <size>0x140</size>
         <input_file_ref idref="fl-a"/>
      </object_component>
      <object_component id="oc-51c">
         <name>.text:CopyUsbToBuff</name>
         <load_address>0x11f32</load_address>
         <run_address>0x11f32</run_address>
         <size>0x10a</size>
         <input_file_ref idref="fl-9"/>
      </object_component>
      <object_component id="oc-8d9">
         <name>.text:USB_InitSerialStringDescriptor</name>
         <load_address>0x1203c</load_address>
         <run_address>0x1203c</run_address>
         <size>0xfe</size>
         <input_file_ref idref="fl-a"/>
      </object_component>
      <object_component id="oc-60b">
         <name>.text:print_C</name>
         <load_address>0x1213a</load_address>
         <run_address>0x1213a</run_address>
         <size>0xfe</size>
         <input_file_ref idref="fl-8"/>
      </object_component>
      <object_component id="oc-77e">
         <name>.text:USBCDC_getInterfaceStatus</name>
         <load_address>0x12238</load_address>
         <run_address>0x12238</run_address>
         <size>0xec</size>
         <input_file_ref idref="fl-9"/>
      </object_component>
      <object_component id="oc-546">
         <name>.text:USB_determineFreq</name>
         <load_address>0x12324</load_address>
         <run_address>0x12324</run_address>
         <size>0xec</size>
         <input_file_ref idref="fl-a"/>
      </object_component>
      <object_component id="oc-8bf">
         <name>.text:UCS_initFLL</name>
         <load_address>0x12410</load_address>
         <run_address>0x12410</run_address>
         <size>0xe2</size>
         <input_file_ref idref="fl-39"/>
      </object_component>
      <object_component id="oc-6d5">
         <name>.text:PMM_setVCoreUp</name>
         <load_address>0x124f2</load_address>
         <run_address>0x124f2</run_address>
         <size>0xe0</size>
         <input_file_ref idref="fl-2b"/>
      </object_component>
      <object_component id="oc-414">
         <name>.text:USBCDC_getBytesInUSBBuffer</name>
         <load_address>0x125d2</load_address>
         <run_address>0x125d2</run_address>
         <size>0xca</size>
         <input_file_ref idref="fl-9"/>
      </object_component>
      <object_component id="oc-5b5">
         <name>.text:USBHAL_initPorts</name>
         <load_address>0x1269c</load_address>
         <run_address>0x1269c</run_address>
         <size>0xca</size>
         <input_file_ref idref="fl-2"/>
      </object_component>
      <object_component id="oc-8c7">
         <name>.text:USB_determineXT2Freq</name>
         <load_address>0x12766</load_address>
         <run_address>0x12766</run_address>
         <size>0xba</size>
         <input_file_ref idref="fl-a"/>
      </object_component>
      <object_component id="oc-611">
         <name>.text:USB_getConnectionState</name>
         <load_address>0x12820</load_address>
         <run_address>0x12820</run_address>
         <size>0xba</size>
         <input_file_ref idref="fl-a"/>
      </object_component>
      <object_component id="oc-761">
         <name>.text:USB_init</name>
         <load_address>0x128da</load_address>
         <run_address>0x128da</run_address>
         <size>0xb4</size>
         <input_file_ref idref="fl-a"/>
      </object_component>
      <object_component id="oc-9cb">
         <name>.text:__TI_renormd</name>
         <load_address>0x1298e</load_address>
         <run_address>0x1298e</run_address>
         <size>0xb2</size>
         <input_file_ref idref="fl-a5"/>
      </object_component>
      <object_component id="oc-7fa">
         <name>.text:usbGetLineCoding</name>
         <load_address>0x12a40</load_address>
         <run_address>0x12a40</run_address>
         <size>0xb2</size>
         <input_file_ref idref="fl-9"/>
      </object_component>
      <object_component id="oc-842">
         <name>.text:usbGetEndpointStatus</name>
         <load_address>0x12af2</load_address>
         <run_address>0x12af2</run_address>
         <size>0xa8</size>
         <input_file_ref idref="fl-a"/>
      </object_component>
      <object_component id="oc-74a">
         <name>.text:UCS_initClockSignal</name>
         <load_address>0x12b9a</load_address>
         <run_address>0x12b9a</run_address>
         <size>0xa6</size>
         <input_file_ref idref="fl-39"/>
      </object_component>
      <object_component id="oc-784">
         <name>.text:USBCDC_sendData</name>
         <load_address>0x12c40</load_address>
         <run_address>0x12c40</run_address>
         <size>0xa6</size>
         <input_file_ref idref="fl-9"/>
      </object_component>
      <object_component id="oc-6db">
         <name>.text:PMM_setVCoreDown</name>
         <load_address>0x12ce6</load_address>
         <run_address>0x12ce6</run_address>
         <size>0xa2</size>
         <input_file_ref idref="fl-2b"/>
      </object_component>
      <object_component id="oc-812">
         <name>.text:usbClearEndpointFeature</name>
         <load_address>0x12d88</load_address>
         <run_address>0x12d88</run_address>
         <size>0x9c</size>
         <input_file_ref idref="fl-a"/>
      </object_component>
      <object_component id="oc-4cb">
         <name>.text:usbDecodeAndProcessUsbRequest</name>
         <load_address>0x12e24</load_address>
         <run_address>0x12e24</run_address>
         <size>0x90</size>
         <input_file_ref idref="fl-a"/>
      </object_component>
      <object_component id="oc-56f">
         <name>.text:usbSendNextPacketOnIEP0</name>
         <load_address>0x12eb4</load_address>
         <run_address>0x12eb4</run_address>
         <size>0x8e</size>
         <input_file_ref idref="fl-a"/>
      </object_component>
      <object_component id="oc-5f9">
         <name>.text:__mspabi_cvtdf</name>
         <load_address>0x12f42</load_address>
         <run_address>0x12f42</run_address>
         <size>0x8c</size>
         <input_file_ref idref="fl-93"/>
      </object_component>
      <object_component id="oc-568">
         <name>.text:Handler_SetLineCoding</name>
         <load_address>0x12fce</load_address>
         <run_address>0x12fce</run_address>
         <size>0x88</size>
         <input_file_ref idref="fl-9"/>
      </object_component>
      <object_component id="oc-44d">
         <name>.text:PWRVBUSoffHandler</name>
         <load_address>0x13056</load_address>
         <run_address>0x13056</run_address>
         <size>0x86</size>
         <input_file_ref idref="fl-14"/>
      </object_component>
      <object_component id="oc-9ad">
         <name>.text:DMA_init</name>
         <load_address>0x130dc</load_address>
         <run_address>0x130dc</run_address>
         <size>0x82</size>
         <input_file_ref idref="fl-1e"/>
      </object_component>
      <object_component id="oc-596">
         <name>.text:ADC12_init</name>
         <load_address>0x1315e</load_address>
         <run_address>0x1315e</run_address>
         <size>0x7a</size>
         <input_file_ref idref="fl-3"/>
      </object_component>
      <object_component id="oc-59c">
         <name>.text:LCD_init</name>
         <load_address>0x131d8</load_address>
         <run_address>0x131d8</run_address>
         <size>0x7a</size>
         <input_file_ref idref="fl-7"/>
      </object_component>
      <object_component id="oc-6d">
         <name>.text:decompress:lzss:__TI_decompress_lzss</name>
         <load_address>0x13252</load_address>
         <run_address>0x13252</run_address>
         <size>0x76</size>
         <input_file_ref idref="fl-92"/>
      </object_component>
      <object_component id="oc-459">
         <name>.text:PWRVBUSonHandler</name>
         <load_address>0x132c8</load_address>
         <run_address>0x132c8</run_address>
         <size>0x74</size>
         <input_file_ref idref="fl-14"/>
      </object_component>
      <object_component id="oc-89d">
         <name>.text:SW_I2C_write</name>
         <load_address>0x1333c</load_address>
         <run_address>0x1333c</run_address>
         <size>0x70</size>
         <input_file_ref idref="fl-6"/>
      </object_component>
      <object_component id="oc-5d6">
         <name>.text:USBCDC_sendDataInBackground</name>
         <load_address>0x133ac</load_address>
         <run_address>0x133ac</run_address>
         <size>0x6e</size>
         <input_file_ref idref="fl-12"/>
      </object_component>
      <object_component id="oc-605">
         <name>.text:__mspabi_fixdli</name>
         <load_address>0x1341a</load_address>
         <run_address>0x1341a</run_address>
         <size>0x66</size>
         <input_file_ref idref="fl-96"/>
      </object_component>
      <object_component id="oc-9b3">
         <name>.text:memcpyDMA</name>
         <load_address>0x13480</load_address>
         <run_address>0x13480</run_address>
         <size>0x64</size>
         <input_file_ref idref="fl-b"/>
      </object_component>
      <object_component id="oc-82a">
         <name>.text:usbGetStringDescriptor</name>
         <load_address>0x134e4</load_address>
         <run_address>0x134e4</run_address>
         <size>0x60</size>
         <input_file_ref idref="fl-a"/>
      </object_component>
      <object_component id="oc-562">
         <name>.text:usbReceiveNextPacketOnOEP0</name>
         <load_address>0x13544</load_address>
         <run_address>0x13544</run_address>
         <size>0x60</size>
         <input_file_ref idref="fl-a"/>
      </object_component>
      <object_component id="oc-8df">
         <name>.text:USB_initMemcpy</name>
         <load_address>0x135a4</load_address>
         <run_address>0x135a4</run_address>
         <size>0x5c</size>
         <input_file_ref idref="fl-b"/>
      </object_component>
      <object_component id="oc-5e7">
         <name>.text:__mspabi_cvtfd</name>
         <load_address>0x13600</load_address>
         <run_address>0x13600</run_address>
         <size>0x5c</size>
         <input_file_ref idref="fl-94"/>
      </object_component>
      <object_component id="oc-72c">
         <name>.text:LCD_send</name>
         <load_address>0x1365c</load_address>
         <run_address>0x1365c</run_address>
         <size>0x5a</size>
         <input_file_ref idref="fl-7"/>
      </object_component>
      <object_component id="oc-408">
         <name>.text:SetupPacketInterruptHandler</name>
         <load_address>0x136b6</load_address>
         <run_address>0x136b6</run_address>
         <size>0x58</size>
         <input_file_ref idref="fl-14"/>
      </object_component>
      <object_component id="oc-750">
         <name>.text</name>
         <load_address>0x1370e</load_address>
         <run_address>0x1370e</run_address>
         <size>0x58</size>
         <input_file_ref idref="fl-63"/>
      </object_component>
      <object_component id="oc-8a3">
         <name>.text:SW_I2C_ACK_NACK</name>
         <load_address>0x13766</load_address>
         <run_address>0x13766</run_address>
         <size>0x56</size>
         <input_file_ref idref="fl-6"/>
      </object_component>
      <object_component id="oc-5ca">
         <name>.text:USBCDC_receiveDataInBuffer</name>
         <load_address>0x137bc</load_address>
         <run_address>0x137bc</run_address>
         <size>0x56</size>
         <input_file_ref idref="fl-12"/>
      </object_component>
      <object_component id="oc-63c">
         <name>.text:__TI_auto_init_nobinit_nopinit_hold_wdt:__TI_auto_init_nobinit_nopinit_hold_wdt</name>
         <load_address>0x13812</load_address>
         <run_address>0x13812</run_address>
         <size>0x54</size>
         <input_file_ref idref="fl-8c"/>
      </object_component>
      <object_component id="oc-58a">
         <name>.text:PMM_setVCore</name>
         <load_address>0x13866</load_address>
         <run_address>0x13866</run_address>
         <size>0x52</size>
         <input_file_ref idref="fl-2b"/>
      </object_component>
      <object_component id="oc-85a">
         <name>.text:usbSetEndpointFeature</name>
         <load_address>0x138b8</load_address>
         <run_address>0x138b8</run_address>
         <size>0x52</size>
         <input_file_ref idref="fl-a"/>
      </object_component>
      <object_component id="oc-6f8">
         <name>.text:ADC12_A_init</name>
         <load_address>0x1390a</load_address>
         <run_address>0x1390a</run_address>
         <size>0x50</size>
         <input_file_ref idref="fl-17"/>
      </object_component>
      <object_component id="oc-99d">
         <name>.text:TLV_getInfo</name>
         <load_address>0x1395a</load_address>
         <run_address>0x1395a</run_address>
         <size>0x50</size>
         <input_file_ref idref="fl-38"/>
      </object_component>
      <object_component id="oc-8b0">
         <name>.text:LCD_4bit_send</name>
         <load_address>0x139aa</load_address>
         <run_address>0x139aa</run_address>
         <size>0x4c</size>
         <input_file_ref idref="fl-7"/>
      </object_component>
      <object_component id="oc-897">
         <name>.text:SW_I2C_start</name>
         <load_address>0x139f6</load_address>
         <run_address>0x139f6</run_address>
         <size>0x46</size>
         <input_file_ref idref="fl-6"/>
      </object_component>
      <object_component id="oc-8a9">
         <name>.text:SW_I2C_stop</name>
         <load_address>0x13a3c</load_address>
         <run_address>0x13a3c</run_address>
         <size>0x46</size>
         <input_file_ref idref="fl-6"/>
      </object_component>
      <object_component id="oc-471">
         <name>.text:OEP0InterruptHandler</name>
         <load_address>0x13a82</load_address>
         <run_address>0x13a82</run_address>
         <size>0x44</size>
         <input_file_ref idref="fl-14"/>
      </object_component>
      <object_component id="oc-8cd">
         <name>.text:USB_lookUpPll</name>
         <load_address>0x13ac6</load_address>
         <run_address>0x13ac6</run_address>
         <size>0x42</size>
         <input_file_ref idref="fl-a"/>
      </object_component>
      <object_component id="oc-53e">
         <name>.text:CdcResetData</name>
         <load_address>0x13b08</load_address>
         <run_address>0x13b08</run_address>
         <size>0x40</size>
         <input_file_ref idref="fl-9"/>
      </object_component>
      <object_component id="oc-5d1">
         <name>.text</name>
         <load_address>0x13b48</load_address>
         <run_address>0x13b48</run_address>
         <size>0x40</size>
         <input_file_ref idref="fl-62"/>
      </object_component>
      <object_component id="oc-68f">
         <name>.text:UCS_turnOnXT2WithTimeout</name>
         <load_address>0x13b88</load_address>
         <run_address>0x13b88</run_address>
         <size>0x3e</size>
         <input_file_ref idref="fl-39"/>
      </object_component>
      <object_component id="oc-5bb">
         <name>.text:USBHAL_initClocks</name>
         <load_address>0x13bc6</load_address>
         <run_address>0x13bc6</run_address>
         <size>0x3e</size>
         <input_file_ref idref="fl-2"/>
      </object_component>
      <object_component id="oc-435">
         <name>.text:USB_suspend</name>
         <load_address>0x13c04</load_address>
         <run_address>0x13c04</run_address>
         <size>0x3e</size>
         <input_file_ref idref="fl-a"/>
      </object_component>
      <object_component id="oc-78d">
         <name>.text:l_asr_const</name>
         <load_address>0x13c42</load_address>
         <run_address>0x13c42</run_address>
         <size>0x3e</size>
         <input_file_ref idref="fl-9f"/>
      </object_component>
      <object_component id="oc-6c5">
         <name>.text:l_lsl_const</name>
         <load_address>0x13c80</load_address>
         <run_address>0x13c80</run_address>
         <size>0x3e</size>
         <input_file_ref idref="fl-81"/>
      </object_component>
      <object_component id="oc-755">
         <name>.text:l_lsr_const</name>
         <load_address>0x13cbe</load_address>
         <run_address>0x13cbe</run_address>
         <size>0x3e</size>
         <input_file_ref idref="fl-83"/>
      </object_component>
      <object_component id="oc-990">
         <name>.text:LCD_toggle_EN</name>
         <load_address>0x13cfc</load_address>
         <run_address>0x13cfc</run_address>
         <size>0x3c</size>
         <input_file_ref idref="fl-7"/>
      </object_component>
      <object_component id="oc-5c1">
         <name>.text:USB_setup</name>
         <load_address>0x13d38</load_address>
         <run_address>0x13d38</run_address>
         <size>0x3a</size>
         <input_file_ref idref="fl-a"/>
      </object_component>
      <object_component id="oc-76d">
         <name>.text:USB_getConnectionInformation</name>
         <load_address>0x13d72</load_address>
         <run_address>0x13d72</run_address>
         <size>0x38</size>
         <input_file_ref idref="fl-a"/>
      </object_component>
      <object_component id="oc-75a">
         <name>.text:UCS_initFLLSettle</name>
         <load_address>0x13daa</load_address>
         <run_address>0x13daa</run_address>
         <size>0x36</size>
         <input_file_ref idref="fl-39"/>
      </object_component>
      <object_component id="oc-5e2">
         <name>.text</name>
         <load_address>0x13de0</load_address>
         <run_address>0x13de0</run_address>
         <size>0x36</size>
         <input_file_ref idref="fl-66"/>
      </object_component>
      <object_component id="oc-836">
         <name>.text:usbGetDeviceStatus</name>
         <load_address>0x13e16</load_address>
         <run_address>0x13e16</run_address>
         <size>0x34</size>
         <input_file_ref idref="fl-a"/>
      </object_component>
      <object_component id="oc-716">
         <name>.text:ADC12_A_startConversion</name>
         <load_address>0x13e4a</load_address>
         <run_address>0x13e4a</run_address>
         <size>0x32</size>
         <input_file_ref idref="fl-17"/>
      </object_component>
      <object_component id="oc-5ff">
         <name>.text:__mspabi_subd</name>
         <load_address>0x13e7c</load_address>
         <run_address>0x13e7c</run_address>
         <size>0x32</size>
         <input_file_ref idref="fl-99"/>
      </object_component>
      <object_component id="oc-a04">
         <name>.text:DMA_setDstAddress</name>
         <load_address>0x13eae</load_address>
         <run_address>0x13eae</run_address>
         <size>0x30</size>
         <input_file_ref idref="fl-1e"/>
      </object_component>
      <object_component id="oc-88e">
         <name>.text:SW_I2C_init</name>
         <load_address>0x13ede</load_address>
         <run_address>0x13ede</run_address>
         <size>0x30</size>
         <input_file_ref idref="fl-6"/>
      </object_component>
      <object_component id="oc-9fe">
         <name>.text:DMA_setSrcAddress</name>
         <load_address>0x13f0e</load_address>
         <run_address>0x13f0e</run_address>
         <size>0x2e</size>
         <input_file_ref idref="fl-1e"/>
      </object_component>
      <object_component id="oc-483">
         <name>.text:USB_disable</name>
         <load_address>0x13f3c</load_address>
         <run_address>0x13f3c</run_address>
         <size>0x2e</size>
         <input_file_ref idref="fl-a"/>
      </object_component>
      <object_component id="oc-84e">
         <name>.text:usbSetConfiguration</name>
         <load_address>0x13f6a</load_address>
         <run_address>0x13f6a</run_address>
         <size>0x2e</size>
         <input_file_ref idref="fl-a"/>
      </object_component>
      <object_component id="oc-590">
         <name>.text:REF_init</name>
         <load_address>0x13f98</load_address>
         <run_address>0x13f98</run_address>
         <size>0x2c</size>
         <input_file_ref idref="fl-3"/>
      </object_component>
      <object_component id="oc-7bf">
         <name>.text</name>
         <load_address>0x13fc4</load_address>
         <run_address>0x13fc4</run_address>
         <size>0x2c</size>
         <input_file_ref idref="fl-60"/>
      </object_component>
      <object_component id="oc-93d">
         <name>.text:usbSendDataPacketOnEP0</name>
         <load_address>0x13ff0</load_address>
         <run_address>0x13ff0</run_address>
         <size>0x2c</size>
         <input_file_ref idref="fl-a"/>
      </object_component>
      <object_component id="oc-726">
         <name>.text:PCF8574_write</name>
         <load_address>0x1401c</load_address>
         <run_address>0x1401c</run_address>
         <size>0x2a</size>
         <input_file_ref idref="fl-5"/>
      </object_component>
      <object_component id="oc-743">
         <name>.text:GPIO_setAsOutputPin</name>
         <load_address>0x14046</load_address>
         <run_address>0x14046</run_address>
         <size>0x28</size>
         <input_file_ref idref="fl-24"/>
      </object_component>
      <object_component id="oc-689">
         <name>.text:GPIO_setAsPeripheralModuleFunctionOutputPin</name>
         <load_address>0x1406e</load_address>
         <run_address>0x1406e</run_address>
         <size>0x28</size>
         <input_file_ref idref="fl-24"/>
      </object_component>
      <object_component id="oc-8e9">
         <name>.text:usbDisableInEndpointInterrupt</name>
         <load_address>0x14096</load_address>
         <run_address>0x14096</run_address>
         <size>0x28</size>
         <input_file_ref idref="fl-a"/>
      </object_component>
      <object_component id="oc-4e8">
         <name>.text:usbDisableOutEndpointInterrupt</name>
         <load_address>0x140be</load_address>
         <run_address>0x140be</run_address>
         <size>0x28</size>
         <input_file_ref idref="fl-a"/>
      </object_component>
      <object_component id="oc-70a">
         <name>.text:ADC12_A_configureMemory</name>
         <load_address>0x140e6</load_address>
         <run_address>0x140e6</run_address>
         <size>0x26</size>
         <input_file_ref idref="fl-17"/>
      </object_component>
      <object_component id="oc-6fe">
         <name>.text:ADC12_A_setupSamplingTimer</name>
         <load_address>0x1410c</load_address>
         <run_address>0x1410c</run_address>
         <size>0x26</size>
         <input_file_ref idref="fl-17"/>
      </object_component>
      <object_component id="oc-477">
         <name>.text:IEP0InterruptHandler</name>
         <load_address>0x14132</load_address>
         <run_address>0x14132</run_address>
         <size>0x24</size>
         <input_file_ref idref="fl-14"/>
      </object_component>
      <object_component id="oc-3ba">
         <name>.text:decompress:ZI:__TI_zero_init_nomemset:__TI_zero_init_nomemset</name>
         <load_address>0x14156</load_address>
         <run_address>0x14156</run_address>
         <size>0x24</size>
         <input_file_ref idref="fl-8d"/>
      </object_component>
      <object_component id="oc-8f8">
         <name>.text</name>
         <load_address>0x1417a</load_address>
         <run_address>0x1417a</run_address>
         <size>0x24</size>
         <input_file_ref idref="fl-88"/>
      </object_component>
      <object_component id="oc-830">
         <name>.text:usbGetInterface</name>
         <load_address>0x1419e</load_address>
         <run_address>0x1419e</run_address>
         <size>0x24</size>
         <input_file_ref idref="fl-a"/>
      </object_component>
      <object_component id="oc-83c">
         <name>.text:usbGetInterfaceStatus</name>
         <load_address>0x141c2</load_address>
         <run_address>0x141c2</run_address>
         <size>0x24</size>
         <input_file_ref idref="fl-a"/>
      </object_component>
      <object_component id="oc-848">
         <name>.text:usbSetAddress</name>
         <load_address>0x141e6</load_address>
         <run_address>0x141e6</run_address>
         <size>0x24</size>
         <input_file_ref idref="fl-a"/>
      </object_component>
      <object_component id="oc-5a8">
         <name>.text:LCD_goto</name>
         <load_address>0x1420a</load_address>
         <run_address>0x1420a</run_address>
         <size>0x22</size>
         <input_file_ref idref="fl-7"/>
      </object_component>
      <object_component id="oc-54f">
         <name>.text:USB_connect</name>
         <load_address>0x1422c</load_address>
         <run_address>0x1422c</run_address>
         <size>0x22</size>
         <input_file_ref idref="fl-a"/>
      </object_component>
      <object_component id="oc-9a7">
         <name>.text:memcpyV</name>
         <load_address>0x1424e</load_address>
         <run_address>0x1424e</run_address>
         <size>0x22</size>
         <input_file_ref idref="fl-b"/>
      </object_component>
      <object_component id="oc-584">
         <name>.text:WDT_A_hold</name>
         <load_address>0x14270</load_address>
         <run_address>0x14270</run_address>
         <size>0x20</size>
         <input_file_ref idref="fl-3e"/>
      </object_component>
      <object_component id="oc-429">
         <name>.text:USB_resume</name>
         <load_address>0x14290</load_address>
         <run_address>0x14290</run_address>
         <size>0x1e</size>
         <input_file_ref idref="fl-a"/>
      </object_component>
      <object_component id="oc-985">
         <name>.text:GPIO_setOutputHighOnPin</name>
         <load_address>0x142ae</load_address>
         <run_address>0x142ae</run_address>
         <size>0x1c</size>
         <input_file_ref idref="fl-24"/>
      </object_component>
      <object_component id="oc-73d">
         <name>.text:GPIO_setOutputLowOnPin</name>
         <load_address>0x142ca</load_address>
         <run_address>0x142ca</run_address>
         <size>0x1c</size>
         <input_file_ref idref="fl-24"/>
      </object_component>
      <object_component id="oc-71d">
         <name>.text:PCF8574_init</name>
         <load_address>0x142e6</load_address>
         <run_address>0x142e6</run_address>
         <size>0x1c</size>
         <input_file_ref idref="fl-5"/>
      </object_component>
      <object_component id="oc-80c">
         <name>.text:usbClearDeviceFeature</name>
         <load_address>0x14302</load_address>
         <run_address>0x14302</run_address>
         <size>0x1c</size>
         <input_file_ref idref="fl-a"/>
      </object_component>
      <object_component id="oc-854">
         <name>.text:usbSetDeviceFeature</name>
         <load_address>0x1431e</load_address>
         <run_address>0x1431e</run_address>
         <size>0x1c</size>
         <input_file_ref idref="fl-a"/>
      </object_component>
      <object_component id="oc-40e">
         <name>.text:CdcIsReceiveInProgress</name>
         <load_address>0x1433a</load_address>
         <run_address>0x1433a</run_address>
         <size>0x1a</size>
         <input_file_ref idref="fl-9"/>
      </object_component>
      <object_component id="oc-4d2">
         <name>.text</name>
         <load_address>0x14354</load_address>
         <run_address>0x14354</run_address>
         <size>0x18</size>
         <input_file_ref idref="fl-85"/>
      </object_component>
      <object_component id="oc-824">
         <name>.text:usbGetConfigurationDescriptor</name>
         <load_address>0x1436c</load_address>
         <run_address>0x1436c</run_address>
         <size>0x18</size>
         <input_file_ref idref="fl-a"/>
      </object_component>
      <object_component id="oc-81e">
         <name>.text:usbGetDeviceDescriptor</name>
         <load_address>0x14384</load_address>
         <run_address>0x14384</run_address>
         <size>0x18</size>
         <input_file_ref idref="fl-a"/>
      </object_component>
      <object_component id="oc-944">
         <name>.text:usbReceiveDataPacketOnEP0</name>
         <load_address>0x1439c</load_address>
         <run_address>0x1439c</run_address>
         <size>0x18</size>
         <input_file_ref idref="fl-a"/>
      </object_component>
      <object_component id="oc-806">
         <name>.text:usbSetControlLineState</name>
         <load_address>0x143b4</load_address>
         <run_address>0x143b4</run_address>
         <size>0x18</size>
         <input_file_ref idref="fl-9"/>
      </object_component>
      <object_component id="oc-704">
         <name>.text:ADC12_A_setResolution</name>
         <load_address>0x143cc</load_address>
         <run_address>0x143cc</run_address>
         <size>0x16</size>
         <input_file_ref idref="fl-17"/>
      </object_component>
      <object_component id="oc-699">
         <name>.text:memset</name>
         <load_address>0x143e2</load_address>
         <run_address>0x143e2</run_address>
         <size>0x16</size>
         <input_file_ref idref="fl-9e"/>
      </object_component>
      <object_component id="oc-6a3">
         <name>.text</name>
         <load_address>0x143f8</load_address>
         <run_address>0x143f8</run_address>
         <size>0x16</size>
         <input_file_ref idref="fl-61"/>
      </object_component>
      <object_component id="oc-818">
         <name>.text:usbGetConfiguration</name>
         <load_address>0x1440e</load_address>
         <run_address>0x1440e</run_address>
         <size>0x16</size>
         <input_file_ref idref="fl-a"/>
      </object_component>
      <object_component id="oc-735">
         <name>.text:LCD_putchar</name>
         <load_address>0x14424</load_address>
         <run_address>0x14424</run_address>
         <size>0x14</size>
         <input_file_ref idref="fl-7"/>
      </object_component>
      <object_component id="oc-5af">
         <name>.text:LCD_putstr</name>
         <load_address>0x14438</load_address>
         <run_address>0x14438</run_address>
         <size>0x14</size>
         <input_file_ref idref="fl-7"/>
      </object_component>
      <object_component id="oc-45f">
         <name>.text:USB_handleVbusOnEvent</name>
         <load_address>0x1444c</load_address>
         <run_address>0x1444c</run_address>
         <size>0x14</size>
         <input_file_ref idref="fl-13"/>
      </object_component>
      <object_component id="oc-39c">
         <name>.text:memcpy</name>
         <load_address>0x14460</load_address>
         <run_address>0x14460</run_address>
         <size>0x14</size>
         <input_file_ref idref="fl-9d"/>
      </object_component>
      <object_component id="oc-951">
         <name>.text:usbSendZeroLengthPacketOnIEP0</name>
         <load_address>0x14474</load_address>
         <run_address>0x14474</run_address>
         <size>0x14</size>
         <input_file_ref idref="fl-a"/>
      </object_component>
      <object_component id="oc-860">
         <name>.text:usbSetInterface</name>
         <load_address>0x14488</load_address>
         <run_address>0x14488</run_address>
         <size>0x14</size>
         <input_file_ref idref="fl-a"/>
      </object_component>
      <object_component id="oc-5a2">
         <name>.text:LCD_clear_home</name>
         <load_address>0x1449c</load_address>
         <run_address>0x1449c</run_address>
         <size>0x12</size>
         <input_file_ref idref="fl-7"/>
      </object_component>
      <object_component id="oc-73">
         <name>.text:decompress:none:__TI_decompress_none</name>
         <load_address>0x144ae</load_address>
         <run_address>0x144ae</run_address>
         <size>0x12</size>
         <input_file_ref idref="fl-91"/>
      </object_component>
      <object_component id="oc-5dc">
         <name>.text:ADC12_A_getResults</name>
         <load_address>0x144c0</load_address>
         <run_address>0x144c0</run_address>
         <size>0x10</size>
         <input_file_ref idref="fl-17"/>
      </object_component>
      <object_component id="oc-a28">
         <name>.text:DMA_disableTransfers</name>
         <load_address>0x144d0</load_address>
         <run_address>0x144d0</run_address>
         <size>0x10</size>
         <input_file_ref idref="fl-1e"/>
      </object_component>
      <object_component id="oc-a16">
         <name>.text:DMA_enableTransfers</name>
         <load_address>0x144e0</load_address>
         <run_address>0x144e0</run_address>
         <size>0x10</size>
         <input_file_ref idref="fl-1e"/>
      </object_component>
      <object_component id="oc-9c6">
         <name>.text:l_asr</name>
         <load_address>0x144f0</load_address>
         <run_address>0x144f0</run_address>
         <size>0x10</size>
         <input_file_ref idref="fl-9f"/>
      </object_component>
      <object_component id="oc-9c1">
         <name>.text:l_lsl</name>
         <load_address>0x14500</load_address>
         <run_address>0x14500</run_address>
         <size>0x10</size>
         <input_file_ref idref="fl-81"/>
      </object_component>
      <object_component id="oc-7b6">
         <name>.text:l_lsr</name>
         <load_address>0x14510</load_address>
         <run_address>0x14510</run_address>
         <size>0x10</size>
         <input_file_ref idref="fl-83"/>
      </object_component>
      <object_component id="oc-866">
         <name>.text:usbInvalidRequest</name>
         <load_address>0x14520</load_address>
         <run_address>0x14520</run_address>
         <size>0x10</size>
         <input_file_ref idref="fl-a"/>
      </object_component>
      <object_component id="oc-a22">
         <name>.text:DMA_getInterruptStatus</name>
         <load_address>0x14530</load_address>
         <run_address>0x14530</run_address>
         <size>0xe</size>
         <input_file_ref idref="fl-1e"/>
      </object_component>
      <object_component id="oc-a1c">
         <name>.text:DMA_startTransfer</name>
         <load_address>0x1453e</load_address>
         <run_address>0x1453e</run_address>
         <size>0xe</size>
         <input_file_ref idref="fl-1e"/>
      </object_component>
      <object_component id="oc-958">
         <name>.text:usbStallEndpoint0</name>
         <load_address>0x1454c</load_address>
         <run_address>0x1454c</run_address>
         <size>0xe</size>
         <input_file_ref idref="fl-a"/>
      </object_component>
      <object_component id="oc-a10">
         <name>.text:DMA_setTransferSize</name>
         <load_address>0x1455a</load_address>
         <run_address>0x1455a</run_address>
         <size>0xc</size>
         <input_file_ref idref="fl-1e"/>
      </object_component>
      <object_component id="oc-6e8">
         <name>.text:Ref_setReferenceVoltage</name>
         <load_address>0x14566</load_address>
         <run_address>0x14566</run_address>
         <size>0xc</size>
         <input_file_ref idref="fl-2d"/>
      </object_component>
      <object_component id="oc-49e">
         <name>.text:_system_pre_init</name>
         <load_address>0x14572</load_address>
         <run_address>0x14572</run_address>
         <size>0xc</size>
         <input_file_ref idref="fl-4"/>
      </object_component>
      <object_component id="oc-800">
         <name>.text:usbSetLineCoding</name>
         <load_address>0x1457e</load_address>
         <run_address>0x1457e</run_address>
         <size>0xc</size>
         <input_file_ref idref="fl-9"/>
      </object_component>
      <object_component id="oc-6e2">
         <name>.text:Ref_isRefGenBusy</name>
         <load_address>0x1458a</load_address>
         <run_address>0x1458a</run_address>
         <size>0xa</size>
         <input_file_ref idref="fl-2d"/>
      </object_component>
      <object_component id="oc-41d">
         <name>.text:USBCDC_handleDataReceived</name>
         <load_address>0x14594</load_address>
         <run_address>0x14594</run_address>
         <size>0xa</size>
         <input_file_ref idref="fl-13"/>
      </object_component>
      <object_component id="oc-767">
         <name>.text:USB_setEnabledEvents</name>
         <load_address>0x1459e</load_address>
         <run_address>0x1459e</run_address>
         <size>0xa</size>
         <input_file_ref idref="fl-a"/>
      </object_component>
      <object_component id="oc-679">
         <name>.text</name>
         <load_address>0x145a8</load_address>
         <run_address>0x145a8</run_address>
         <size>0xa</size>
         <input_file_ref idref="fl-80"/>
      </object_component>
      <object_component id="oc-6a8">
         <name>.text</name>
         <load_address>0x145b2</load_address>
         <run_address>0x145b2</run_address>
         <size>0xa</size>
         <input_file_ref idref="fl-82"/>
      </object_component>
      <object_component id="oc-710">
         <name>.text:ADC12_A_enable</name>
         <load_address>0x145bc</load_address>
         <run_address>0x145bc</run_address>
         <size>0x8</size>
         <input_file_ref idref="fl-17"/>
      </object_component>
      <object_component id="oc-531">
         <name>.text:UCS_turnOffXT2</name>
         <load_address>0x145c4</load_address>
         <run_address>0x145c4</run_address>
         <size>0x8</size>
         <input_file_ref idref="fl-39"/>
      </object_component>
      <object_component id="oc-453">
         <name>.text:USB_handleVbusOffEvent</name>
         <load_address>0x145cc</load_address>
         <run_address>0x145cc</run_address>
         <size>0x8</size>
         <input_file_ref idref="fl-13"/>
      </object_component>
      <object_component id="oc-6bd">
         <name>.text:usbClearOEP0ByteCount</name>
         <load_address>0x145d4</load_address>
         <run_address>0x145d4</run_address>
         <size>0x8</size>
         <input_file_ref idref="fl-a"/>
      </object_component>
      <object_component id="oc-8ef">
         <name>.text:usbRestoreInEndpointInterrupt</name>
         <load_address>0x145dc</load_address>
         <run_address>0x145dc</run_address>
         <size>0x8</size>
         <input_file_ref idref="fl-a"/>
      </object_component>
      <object_component id="oc-4f1">
         <name>.text:usbRestoreOutEndpointInterrupt</name>
         <load_address>0x145e4</load_address>
         <run_address>0x145e4</run_address>
         <size>0x8</size>
         <input_file_ref idref="fl-a"/>
      </object_component>
      <object_component id="oc-6b7">
         <name>.text:usbStallOEP0</name>
         <load_address>0x145ec</load_address>
         <run_address>0x145ec</run_address>
         <size>0x8</size>
         <input_file_ref idref="fl-a"/>
      </object_component>
      <object_component id="oc-9f8">
         <name>.text:DMA_disableTransferDuringReadModifyWrite</name>
         <load_address>0x145f4</load_address>
         <run_address>0x145f4</run_address>
         <size>0x6</size>
         <input_file_ref idref="fl-1e"/>
      </object_component>
      <object_component id="oc-a0a">
         <name>.text:DMA_enableTransferDuringReadModifyWrite</name>
         <load_address>0x145fa</load_address>
         <run_address>0x145fa</run_address>
         <size>0x6</size>
         <input_file_ref idref="fl-1e"/>
      </object_component>
      <object_component id="oc-6ee">
         <name>.text:Ref_enableReferenceVoltage</name>
         <load_address>0x14600</load_address>
         <run_address>0x14600</run_address>
         <size>0x6</size>
         <input_file_ref idref="fl-2d"/>
      </object_component>
      <object_component id="oc-48f">
         <name>.text:SFR_clearInterrupt</name>
         <load_address>0x14606</load_address>
         <run_address>0x14606</run_address>
         <size>0x6</size>
         <input_file_ref idref="fl-32"/>
      </object_component>
      <object_component id="oc-489">
         <name>.text:UCS_clearFaultFlag</name>
         <load_address>0x1460c</load_address>
         <run_address>0x1460c</run_address>
         <size>0x6</size>
         <input_file_ref idref="fl-39"/>
      </object_component>
      <object_component id="oc-8d3">
         <name>.text:USB_getVersion</name>
         <load_address>0x14612</load_address>
         <run_address>0x14612</run_address>
         <size>0x6</size>
         <input_file_ref idref="fl-a"/>
      </object_component>
      <object_component id="oc-618">
         <name>.text:abort</name>
         <load_address>0x14618</load_address>
         <run_address>0x14618</run_address>
         <size>0x6</size>
         <input_file_ref idref="fl-9a"/>
      </object_component>
      <object_component id="oc-522">
         <name>.text:USBCDC_handleReceiveCompleted</name>
         <load_address>0x1461e</load_address>
         <run_address>0x1461e</run_address>
         <size>0x4</size>
         <input_file_ref idref="fl-13"/>
      </object_component>
      <object_component id="oc-558">
         <name>.text:USBCDC_handleSendCompleted</name>
         <load_address>0x14622</load_address>
         <run_address>0x14622</run_address>
         <size>0x4</size>
         <input_file_ref idref="fl-13"/>
      </object_component>
      <object_component id="oc-94b">
         <name>.text:USBCDC_handleSetControlLineState</name>
         <load_address>0x14626</load_address>
         <run_address>0x14626</run_address>
         <size>0x4</size>
         <input_file_ref idref="fl-13"/>
      </object_component>
      <object_component id="oc-6ca">
         <name>.text:USBCDC_handleSetLineCoding</name>
         <load_address>0x1462a</load_address>
         <run_address>0x1462a</run_address>
         <size>0x4</size>
         <input_file_ref idref="fl-13"/>
      </object_component>
      <object_component id="oc-465">
         <name>.text:USB_handleClockEvent</name>
         <load_address>0x1462e</load_address>
         <run_address>0x1462e</run_address>
         <size>0x4</size>
         <input_file_ref idref="fl-13"/>
      </object_component>
      <object_component id="oc-973">
         <name>.text:USB_handleEnumerationCompleteEvent</name>
         <load_address>0x14632</load_address>
         <run_address>0x14632</run_address>
         <size>0x4</size>
         <input_file_ref idref="fl-13"/>
      </object_component>
      <object_component id="oc-447">
         <name>.text:USB_handleResetEvent</name>
         <load_address>0x14636</load_address>
         <run_address>0x14636</run_address>
         <size>0x4</size>
         <input_file_ref idref="fl-13"/>
      </object_component>
      <object_component id="oc-42f">
         <name>.text:USB_handleResumeEvent</name>
         <load_address>0x1463a</load_address>
         <run_address>0x1463a</run_address>
         <size>0x4</size>
         <input_file_ref idref="fl-13"/>
      </object_component>
      <object_component id="oc-43b">
         <name>.text:USB_handleSuspendEvent</name>
         <load_address>0x1463e</load_address>
         <run_address>0x1463e</run_address>
         <size>0x4</size>
         <input_file_ref idref="fl-13"/>
      </object_component>
      <object_component id="oc-7d9">
         <name>.text:_system_post_cinit</name>
         <load_address>0x14642</load_address>
[...]
         <object_component_ref idref="oc-9ad"/>
      </symbol>
      <symbol id="sm-999">
         <name>GPIO_setOutputHighOnPin</name>
         <value>0x142ae</value>
         <object_component_ref idref="oc-985"/>
      </symbol>
      <symbol id="sm-99a">
         <name>GPIO_setAsOutputPin</name>
         <value>0x14046</value>
         <object_component_ref idref="oc-743"/>
      </symbol>
      <symbol id="sm-99b">
         <name>GPIO_setOutputLowOnPin</name>
         <value>0x142ca</value>
         <object_component_ref idref="oc-73d"/>
      </symbol>
      <symbol id="sm-99c">
         <name>GPIO_setAsPeripheralModuleFunctionOutputPin</name>
         <value>0x1406e</value>
         <object_component_ref idref="oc-689"/>
      </symbol>
      <symbol id="sm-9c9">
         <name>PMM_setVCore</name>
         <value>0x13866</value>
         <object_component_ref idref="oc-58a"/>
      </symbol>
      <symbol id="sm-9ca">
         <name>PMM_setVCoreDown</name>
         <value>0x12ce6</value>
         <object_component_ref idref="oc-6db"/>
      </symbol>
      <symbol id="sm-9cb">
         <name>PMM_setVCoreUp</name>
         <value>0x124f2</value>
         <object_component_ref idref="oc-6d5"/>
      </symbol>
      <symbol id="sm-9e3">
         <name>Ref_isRefGenBusy</name>
         <value>0x1458a</value>
         <object_component_ref idref="oc-6e2"/>
      </symbol>
      <symbol id="sm-9e4">
         <name>Ref_enableReferenceVoltage</name>
         <value>0x14600</value>
         <object_component_ref idref="oc-6ee"/>
      </symbol>
      <symbol id="sm-9e5">
         <name>Ref_setReferenceVoltage</name>
         <value>0x14566</value>
         <object_component_ref idref="oc-6e8"/>
      </symbol>
      <symbol id="sm-9f2">
         <name>SFR_clearInterrupt</name>
         <value>0x14606</value>
         <object_component_ref idref="oc-48f"/>
      </symbol>
      <symbol id="sm-a0a">
         <name>TLV_getInfo</name>
         <value>0x1395a</value>
         <object_component_ref idref="oc-99d"/>
      </symbol>
      <symbol id="sm-a56">
         <name>UCS_initClockSignal</name>
         <value>0x12b9a</value>
         <object_component_ref idref="oc-74a"/>
      </symbol>
      <symbol id="sm-a57">
         <name>UCS_initFLLSettle</name>
         <value>0x13daa</value>
         <object_component_ref idref="oc-75a"/>
      </symbol>
      <symbol id="sm-a58">
         <name>UCS_clearFaultFlag</name>
         <value>0x1460c</value>
         <object_component_ref idref="oc-489"/>
      </symbol>
      <symbol id="sm-a59">
         <name>UCS_initFLL</name>
         <value>0x12410</value>
         <object_component_ref idref="oc-8bf"/>
      </symbol>
      <symbol id="sm-a5a">
         <name>UCS_turnOffXT2</name>
         <value>0x145c4</value>
         <object_component_ref idref="oc-531"/>
      </symbol>
      <symbol id="sm-a5b">
         <name>UCS_turnOnXT2WithTimeout</name>
         <value>0x13b88</value>
         <object_component_ref idref="oc-68f"/>
      </symbol>
      <symbol id="sm-a68">
         <name>WDT_A_hold</name>
         <value>0x14270</value>
         <object_component_ref idref="oc-584"/>
      </symbol>
      <symbol id="sm-a74">
         <name>__mspabi_remi</name>
         <value>0x13fc4</value>
         <object_component_ref idref="oc-7bf"/>
      </symbol>
      <symbol id="sm-a75">
         <name>__mspabi_divi</name>
         <value>0x13fc4</value>
         <object_component_ref idref="oc-7bf"/>
      </symbol>
      <symbol id="sm-a7f">
         <name>__mspabi_remu</name>
         <value>0x143f8</value>
         <object_component_ref idref="oc-6a3"/>
      </symbol>
      <symbol id="sm-a80">
         <name>__mspabi_divu</name>
         <value>0x143f8</value>
         <object_component_ref idref="oc-6a3"/>
      </symbol>
      <symbol id="sm-a8c">
         <name>__mspabi_remli</name>
         <value>0x13b48</value>
         <object_component_ref idref="oc-5d1"/>
      </symbol>
      <symbol id="sm-a8d">
         <name>__mspabi_divli</name>
         <value>0x13b48</value>
         <object_component_ref idref="oc-5d1"/>
      </symbol>
      <symbol id="sm-a9b">
         <name>__mspabi_remul</name>
         <value>0x1370e</value>
         <object_component_ref idref="oc-750"/>
      </symbol>
      <symbol id="sm-a9c">
         <name>__mspabi_divul</name>
         <value>0x1370e</value>
         <object_component_ref idref="oc-750"/>
      </symbol>
      <symbol id="sm-aab">
         <name>__mspabi_fltif</name>
         <value>0x13de0</value>
         <object_component_ref idref="oc-5e2"/>
      </symbol>
      <symbol id="sm-ab2">
         <name>__TI_int41</name>
         <value>0xffd2</value>
         <object_component_ref idref="oc-79"/>
      </symbol>
      <symbol id="sm-ab5">
         <name>__TI_int42</name>
         <value>0xffd4</value>
         <object_component_ref idref="oc-7a"/>
      </symbol>
      <symbol id="sm-ab8">
         <name>__TI_int43</name>
         <value>0xffd6</value>
         <object_component_ref idref="oc-7b"/>
      </symbol>
      <symbol id="sm-abb">
         <name>__TI_int44</name>
         <value>0xffd8</value>
         <object_component_ref idref="oc-7c"/>
      </symbol>
      <symbol id="sm-abe">
         <name>__TI_int45</name>
         <value>0xffda</value>
         <object_component_ref idref="oc-7d"/>
      </symbol>
      <symbol id="sm-ac1">
         <name>__TI_int46</name>
         <value>0xffdc</value>
         <object_component_ref idref="oc-7e"/>
      </symbol>
      <symbol id="sm-ac4">
         <name>__TI_int47</name>
         <value>0xffde</value>
         <object_component_ref idref="oc-7f"/>
      </symbol>
      <symbol id="sm-ac7">
         <name>__TI_int48</name>
         <value>0xffe0</value>
         <object_component_ref idref="oc-80"/>
      </symbol>
      <symbol id="sm-aca">
         <name>__TI_int49</name>
         <value>0xffe2</value>
         <object_component_ref idref="oc-81"/>
      </symbol>
      <symbol id="sm-acd">
         <name>__TI_int50</name>
         <value>0xffe4</value>
         <object_component_ref idref="oc-82"/>
      </symbol>
      <symbol id="sm-ad0">
         <name>__TI_int52</name>
         <value>0xffe8</value>
         <object_component_ref idref="oc-84"/>
      </symbol>
      <symbol id="sm-ad3">
         <name>__TI_int53</name>
         <value>0xffea</value>
         <object_component_ref idref="oc-85"/>
      </symbol>
      <symbol id="sm-ad6">
         <name>__TI_int54</name>
         <value>0xffec</value>
         <object_component_ref idref="oc-86"/>
      </symbol>
      <symbol id="sm-ad9">
         <name>__TI_int55</name>
         <value>0xffee</value>
         <object_component_ref idref="oc-87"/>
      </symbol>
      <symbol id="sm-adc">
         <name>__TI_int56</name>
         <value>0xfff0</value>
         <object_component_ref idref="oc-88"/>
      </symbol>
      <symbol id="sm-adf">
         <name>__TI_int57</name>
         <value>0xfff2</value>
         <object_component_ref idref="oc-89"/>
      </symbol>
      <symbol id="sm-ae2">
         <name>__TI_int58</name>
         <value>0xfff4</value>
         <object_component_ref idref="oc-8a"/>
      </symbol>
      <symbol id="sm-ae5">
         <name>__TI_int59</name>
         <value>0xfff6</value>
         <object_component_ref idref="oc-8b"/>
      </symbol>
      <symbol id="sm-ae8">
         <name>__TI_int60</name>
         <value>0xfff8</value>
         <object_component_ref idref="oc-8c"/>
      </symbol>
      <symbol id="sm-aeb">
         <name>__TI_int62</name>
         <value>0xfffc</value>
         <object_component_ref idref="oc-8e"/>
      </symbol>
      <symbol id="sm-af3">
         <name>__TI_ISR_TRAP</name>
         <value>0x45b6</value>
         <object_component_ref idref="oc-3a9"/>
      </symbol>
      <symbol id="sm-afc">
         <name>__mspabi_slli</name>
         <value>0x145a8</value>
         <object_component_ref idref="oc-679"/>
      </symbol>
      <symbol id="sm-b0c">
         <name>__mspabi_slll_9</name>
         <value>0x13c98</value>
         <object_component_ref idref="oc-6c5"/>
      </symbol>
      <symbol id="sm-b0d">
         <name>__mspabi_slll_8</name>
         <value>0x13c9c</value>
         <object_component_ref idref="oc-6c5"/>
      </symbol>
      <symbol id="sm-b0e">
         <name>__mspabi_slll_7</name>
         <value>0x13ca0</value>
         <object_component_ref idref="oc-6c5"/>
      </symbol>
      <symbol id="sm-b0f">
         <name>__mspabi_slll_6</name>
         <value>0x13ca4</value>
         <object_component_ref idref="oc-6c5"/>
      </symbol>
      <symbol id="sm-b10">
         <name>__mspabi_slll_5</name>
         <value>0x13ca8</value>
         <object_component_ref idref="oc-6c5"/>
      </symbol>
      <symbol id="sm-b11">
         <name>__mspabi_slll_4</name>
         <value>0x13cac</value>
         <object_component_ref idref="oc-6c5"/>
      </symbol>
      <symbol id="sm-b12">
         <name>__mspabi_slll_3</name>
         <value>0x13cb0</value>
         <object_component_ref idref="oc-6c5"/>
      </symbol>
      <symbol id="sm-b13">
         <name>__mspabi_slll_2</name>
         <value>0x13cb4</value>
         <object_component_ref idref="oc-6c5"/>
      </symbol>
      <symbol id="sm-b14">
         <name>__mspabi_slll_1</name>
         <value>0x13cb8</value>
         <object_component_ref idref="oc-6c5"/>
      </symbol>
      <symbol id="sm-b15">
         <name>__mspabi_slll</name>
         <value>0x14500</value>
         <object_component_ref idref="oc-9c1"/>
      </symbol>
      <symbol id="sm-b16">
         <name>__mspabi_slll_15</name>
         <value>0x13c80</value>
         <object_component_ref idref="oc-6c5"/>
      </symbol>
      <symbol id="sm-b17">
         <name>__mspabi_slll_14</name>
         <value>0x13c84</value>
         <object_component_ref idref="oc-6c5"/>
      </symbol>
      <symbol id="sm-b18">
         <name>__mspabi_slll_13</name>
         <value>0x13c88</value>
         <object_component_ref idref="oc-6c5"/>
      </symbol>
      <symbol id="sm-b19">
         <name>__mspabi_slll_12</name>
         <value>0x13c8c</value>
         <object_component_ref idref="oc-6c5"/>
      </symbol>
      <symbol id="sm-b1a">
         <name>__mspabi_slll_11</name>
         <value>0x13c90</value>
         <object_component_ref idref="oc-6c5"/>
      </symbol>
      <symbol id="sm-b1b">
         <name>__mspabi_slll_10</name>
         <value>0x13c94</value>
         <object_component_ref idref="oc-6c5"/>
      </symbol>
      <symbol id="sm-b24">
         <name>__mspabi_srli</name>
         <value>0x145b2</value>
         <object_component_ref idref="oc-6a8"/>
      </symbol>
      <symbol id="sm-b34">
         <name>__mspabi_srll_8</name>
         <value>0x13cda</value>
         <object_component_ref idref="oc-755"/>
      </symbol>
      <symbol id="sm-b35">
         <name>__mspabi_srll_9</name>
         <value>0x13cd6</value>
         <object_component_ref idref="oc-755"/>
      </symbol>
      <symbol id="sm-b36">
         <name>__mspabi_srll_6</name>
         <value>0x13ce2</value>
         <object_component_ref idref="oc-755"/>
      </symbol>
      <symbol id="sm-b37">
         <name>__mspabi_srll_7</name>
         <value>0x13cde</value>
         <object_component_ref idref="oc-755"/>
      </symbol>
      <symbol id="sm-b38">
         <name>__mspabi_srll_4</name>
         <value>0x13cea</value>
         <object_component_ref idref="oc-755"/>
      </symbol>
      <symbol id="sm-b39">
         <name>__mspabi_srll_5</name>
         <value>0x13ce6</value>
         <object_component_ref idref="oc-755"/>
      </symbol>
      <symbol id="sm-b3a">
         <name>__mspabi_srll_2</name>
         <value>0x13cf2</value>
         <object_component_ref idref="oc-755"/>
      </symbol>
      <symbol id="sm-b3b">
         <name>__mspabi_srll_3</name>
         <value>0x13cee</value>
         <object_component_ref idref="oc-755"/>
      </symbol>
      <symbol id="sm-b3c">
         <name>__mspabi_srll_1</name>
         <value>0x13cf6</value>
         <object_component_ref idref="oc-755"/>
      </symbol>
      <symbol id="sm-b3d">
         <name>__mspabi_srll_15</name>
         <value>0x13cbe</value>
         <object_component_ref idref="oc-755"/>
      </symbol>
      <symbol id="sm-b3e">
         <name>__mspabi_srll_14</name>
         <value>0x13cc2</value>
         <object_component_ref idref="oc-755"/>
      </symbol>
      <symbol id="sm-b3f">
         <name>__mspabi_srll_13</name>
         <value>0x13cc6</value>
         <object_component_ref idref="oc-755"/>
      </symbol>
      <symbol id="sm-b40">
         <name>__mspabi_srll_12</name>
         <value>0x13cca</value>
         <object_component_ref idref="oc-755"/>
      </symbol>
      <symbol id="sm-b41">
         <name>__mspabi_srll_11</name>
         <value>0x13cce</value>
         <object_component_ref idref="oc-755"/>
      </symbol>
      <symbol id="sm-b42">
         <name>__mspabi_srll_10</name>
         <value>0x13cd2</value>
         <object_component_ref idref="oc-755"/>
      </symbol>
      <symbol id="sm-b43">
         <name>__mspabi_srll</name>
         <value>0x14510</value>
         <object_component_ref idref="oc-7b6"/>
      </symbol>
      <symbol id="sm-b4c">
         <name>__mspabi_mpyi_f5hw</name>
         <value>0x14354</value>
         <object_component_ref idref="oc-4d2"/>
      </symbol>
      <symbol id="sm-b56">
         <name>__mspabi_mpyl_f5hw</name>
         <value>0x1417a</value>
         <object_component_ref idref="oc-8f8"/>
      </symbol>
      <symbol id="sm-b68">
         <name>_stack</name>
         <value>0x4360</value>
         <object_component_ref idref="oc-38d"/>
      </symbol>
      <symbol id="sm-b69">
         <name>_c_int00_noargs</name>
         <value>0x459a</value>
         <object_component_ref idref="oc-3cc"/>
      </symbol>
      <symbol id="sm-b6a">
         <name>_reset_vector</name>
         <value>0xfffe</value>
         <object_component_ref idref="oc-390"/>
      </symbol>
      <symbol id="sm-b8d">
         <name>__TI_auto_init_nobinit_nopinit_hold_wdt</name>
         <value>0x13812</value>
         <object_component_ref idref="oc-63c"/>
      </symbol>
      <symbol id="sm-ba0">
         <name>__TI_zero_init_nomemset</name>
         <value>0x14156</value>
         <object_component_ref idref="oc-3ba"/>
      </symbol>
      <symbol id="sm-bab">
         <name>_system_post_cinit</name>
         <value>0x14642</value>
         <object_component_ref idref="oc-7d9"/>
      </symbol>
      <symbol id="sm-bbc">
         <name>__TI_decompress_none</name>
         <value>0x144ae</value>
         <object_component_ref idref="oc-73"/>
      </symbol>
      <symbol id="sm-bdf">
         <name>__TI_decompress_lzss</name>
         <value>0x13252</value>
         <object_component_ref idref="oc-6d"/>
      </symbol>
      <symbol id="sm-bf7">
         <name>__mspabi_cvtdf</name>
         <value>0x12f42</value>
         <object_component_ref idref="oc-5f9"/>
      </symbol>
      <symbol id="sm-c05">
         <name>__mspabi_cvtfd</name>
         <value>0x13600</value>
         <object_component_ref idref="oc-5e7"/>
      </symbol>
      <symbol id="sm-c2b">
         <name>__mspabi_divd</name>
         <value>0x11810</value>
         <object_component_ref idref="oc-5f3"/>
      </symbol>
      <symbol id="sm-c3a">
         <name>__mspabi_fixdli</name>
         <value>0x1341a</value>
         <object_component_ref idref="oc-605"/>
      </symbol>
      <symbol id="sm-c55">
         <name>__TI_frcdivd</name>
         <value>0x10478</value>
         <object_component_ref idref="oc-7a5"/>
      </symbol>
      <symbol id="sm-c76">
         <name>__mspabi_mpyd</name>
         <value>0x1111c</value>
         <object_component_ref idref="oc-5ed"/>
      </symbol>
      <symbol id="sm-c7f">
         <name>__mspabi_subd</name>
         <value>0x13e7c</value>
         <object_component_ref idref="oc-5ff"/>
      </symbol>
      <symbol id="sm-c89">
         <name>C$$EXIT</name>
         <value>0x14618</value>
         <object_component_ref idref="oc-618"/>
      </symbol>
      <symbol id="sm-c8a">
         <name>abort</name>
         <value>0x14618</value>
         <object_component_ref idref="oc-618"/>
      </symbol>
      <symbol id="sm-c9a">
         <name>memcpy</name>
         <value>0x14460</value>
         <object_component_ref idref="oc-39c"/>
      </symbol>
      <symbol id="sm-ca8">
         <name>memset</name>
         <value>0x143e2</value>
         <object_component_ref idref="oc-699"/>
      </symbol>
      <symbol id="sm-cb8">
         <name>__mspabi_sral</name>
         <value>0x144f0</value>
         <object_component_ref idref="oc-9c6"/>
      </symbol>
      <symbol id="sm-cb9">
         <name>__mspabi_sral_15</name>
         <value>0x13c42</value>
         <object_component_ref idref="oc-78d"/>
      </symbol>
      <symbol id="sm-cba">
         <name>__mspabi_sral_14</name>
         <value>0x13c46</value>
         <object_component_ref idref="oc-78d"/>
      </symbol>
      <symbol id="sm-cbb">
         <name>__mspabi_sral_13</name>
         <value>0x13c4a</value>
         <object_component_ref idref="oc-78d"/>
      </symbol>
      <symbol id="sm-cbc">
         <name>__mspabi_sral_12</name>
         <value>0x13c4e</value>
         <object_component_ref idref="oc-78d"/>
      </symbol>
      <symbol id="sm-cbd">
         <name>__mspabi_sral_11</name>
         <value>0x13c52</value>
         <object_component_ref idref="oc-78d"/>
      </symbol>
      <symbol id="sm-cbe">
         <name>__mspabi_sral_10</name>
         <value>0x13c56</value>
         <object_component_ref idref="oc-78d"/>
      </symbol>
      <symbol id="sm-cbf">
         <name>__mspabi_sral_8</name>
         <value>0x13c5e</value>
         <object_component_ref idref="oc-78d"/>
      </symbol>
      <symbol id="sm-cc0">
         <name>__mspabi_sral_9</name>
         <value>0x13c5a</value>
         <object_component_ref idref="oc-78d"/>
      </symbol>
      <symbol id="sm-cc1">
         <name>__mspabi_sral_6</name>
         <value>0x13c66</value>
         <object_component_ref idref="oc-78d"/>
      </symbol>
      <symbol id="sm-cc2">
         <name>__mspabi_sral_7</name>
         <value>0x13c62</value>
         <object_component_ref idref="oc-78d"/>
      </symbol>
      <symbol id="sm-cc3">
         <name>__mspabi_sral_4</name>
         <value>0x13c6e</value>
         <object_component_ref idref="oc-78d"/>
      </symbol>
      <symbol id="sm-cc4">
         <name>__mspabi_sral_5</name>
         <value>0x13c6a</value>
         <object_component_ref idref="oc-78d"/>
      </symbol>
      <symbol id="sm-cc5">
         <name>__mspabi_sral_2</name>
         <value>0x13c76</value>
         <object_component_ref idref="oc-78d"/>
      </symbol>
      <symbol id="sm-cc6">
         <name>__mspabi_sral_3</name>
         <value>0x13c72</value>
         <object_component_ref idref="oc-78d"/>
      </symbol>
      <symbol id="sm-cc7">
         <name>__mspabi_sral_1</name>
         <value>0x13c7a</value>
         <object_component_ref idref="oc-78d"/>
      </symbol>
      <symbol id="sm-ceb">
         <name>__mspabi_addd</name>
         <value>0x108de</value>
         <object_component_ref idref="oc-7af"/>
      </symbol>
      <symbol id="sm-d0c">
         <name>__TI_frcaddd</name>
         <value>0x11382</value>
         <object_component_ref idref="oc-907"/>
      </symbol>
      <symbol id="sm-d1c">
         <name>__TI_frcmpyd</name>
         <value>0x10e9c</value>
         <object_component_ref idref="oc-798"/>
      </symbol>
      <symbol id="sm-d30">
         <name>__TI_renormd</name>
         <value>0x1298e</value>
         <object_component_ref idref="oc-9cb"/>
      </symbol>
   </symbol_table>
   <title>Link successful</title>
</link_info>
